ARM GAS  C:\Users\pearlstl\AppData\Local\Temp\ccZGnWBa.s 			page 1


   1              		.syntax unified
   2              		.cpu cortex-m3
   3              		.fpu softvfp
   4              		.eabi_attribute 20, 1
   5              		.eabi_attribute 21, 1
   6              		.eabi_attribute 23, 3
   7              		.eabi_attribute 24, 1
   8              		.eabi_attribute 25, 1
   9              		.eabi_attribute 26, 1
  10              		.eabi_attribute 30, 6
  11              		.eabi_attribute 34, 1
  12              		.eabi_attribute 18, 4
  13              		.thumb
  14              		.syntax unified
  15              		.file	"isr_adc_eoc.c"
  16              		.text
  17              	.Ltext0:
  18              		.cfi_sections	.debug_frame
  19              		.section	.text.isr_adc_eoc_Start,"ax",%progbits
  20              		.align	2
  21              		.global	isr_adc_eoc_Start
  22              		.thumb
  23              		.thumb_func
  24              		.type	isr_adc_eoc_Start, %function
  25              	isr_adc_eoc_Start:
  26              	.LFB63:
  27              		.file 1 "Generated_Source\\PSoC5\\isr_adc_eoc.c"
   1:Generated_Source\PSoC5/isr_adc_eoc.c **** /*******************************************************************************
   2:Generated_Source\PSoC5/isr_adc_eoc.c **** * File Name: isr_adc_eoc.c  
   3:Generated_Source\PSoC5/isr_adc_eoc.c **** * Version 1.70
   4:Generated_Source\PSoC5/isr_adc_eoc.c **** *
   5:Generated_Source\PSoC5/isr_adc_eoc.c **** *  Description:
   6:Generated_Source\PSoC5/isr_adc_eoc.c **** *   API for controlling the state of an interrupt.
   7:Generated_Source\PSoC5/isr_adc_eoc.c **** *
   8:Generated_Source\PSoC5/isr_adc_eoc.c **** *
   9:Generated_Source\PSoC5/isr_adc_eoc.c **** *  Note:
  10:Generated_Source\PSoC5/isr_adc_eoc.c **** *
  11:Generated_Source\PSoC5/isr_adc_eoc.c **** ********************************************************************************
  12:Generated_Source\PSoC5/isr_adc_eoc.c **** * Copyright 2008-2015, Cypress Semiconductor Corporation.  All rights reserved.
  13:Generated_Source\PSoC5/isr_adc_eoc.c **** * You may use this file only in accordance with the license, terms, conditions, 
  14:Generated_Source\PSoC5/isr_adc_eoc.c **** * disclaimers, and limitations in the end user license agreement accompanying 
  15:Generated_Source\PSoC5/isr_adc_eoc.c **** * the software package with which this file was provided.
  16:Generated_Source\PSoC5/isr_adc_eoc.c **** *******************************************************************************/
  17:Generated_Source\PSoC5/isr_adc_eoc.c **** 
  18:Generated_Source\PSoC5/isr_adc_eoc.c **** 
  19:Generated_Source\PSoC5/isr_adc_eoc.c **** #include <cydevice_trm.h>
  20:Generated_Source\PSoC5/isr_adc_eoc.c **** #include <CyLib.h>
  21:Generated_Source\PSoC5/isr_adc_eoc.c **** #include <isr_adc_eoc.h>
  22:Generated_Source\PSoC5/isr_adc_eoc.c **** #include "cyapicallbacks.h"
  23:Generated_Source\PSoC5/isr_adc_eoc.c **** 
  24:Generated_Source\PSoC5/isr_adc_eoc.c **** #if !defined(isr_adc_eoc__REMOVED) /* Check for removal by optimization */
  25:Generated_Source\PSoC5/isr_adc_eoc.c **** 
  26:Generated_Source\PSoC5/isr_adc_eoc.c **** /*******************************************************************************
  27:Generated_Source\PSoC5/isr_adc_eoc.c **** *  Place your includes, defines and code here 
  28:Generated_Source\PSoC5/isr_adc_eoc.c **** ********************************************************************************/
  29:Generated_Source\PSoC5/isr_adc_eoc.c **** /* `#START isr_adc_eoc_intc` */
  30:Generated_Source\PSoC5/isr_adc_eoc.c **** #include "project.h"
ARM GAS  C:\Users\pearlstl\AppData\Local\Temp\ccZGnWBa.s 			page 2


  31:Generated_Source\PSoC5/isr_adc_eoc.c ****     
  32:Generated_Source\PSoC5/isr_adc_eoc.c **** extern int volatile force_value;
  33:Generated_Source\PSoC5/isr_adc_eoc.c **** /* `#END` */
  34:Generated_Source\PSoC5/isr_adc_eoc.c **** 
  35:Generated_Source\PSoC5/isr_adc_eoc.c **** #ifndef CYINT_IRQ_BASE
  36:Generated_Source\PSoC5/isr_adc_eoc.c **** #define CYINT_IRQ_BASE      16
  37:Generated_Source\PSoC5/isr_adc_eoc.c **** #endif /* CYINT_IRQ_BASE */
  38:Generated_Source\PSoC5/isr_adc_eoc.c **** #ifndef CYINT_VECT_TABLE
  39:Generated_Source\PSoC5/isr_adc_eoc.c **** #define CYINT_VECT_TABLE    ((cyisraddress **) CYREG_NVIC_VECT_OFFSET)
  40:Generated_Source\PSoC5/isr_adc_eoc.c **** #endif /* CYINT_VECT_TABLE */
  41:Generated_Source\PSoC5/isr_adc_eoc.c **** 
  42:Generated_Source\PSoC5/isr_adc_eoc.c **** /* Declared in startup, used to set unused interrupts to. */
  43:Generated_Source\PSoC5/isr_adc_eoc.c **** CY_ISR_PROTO(IntDefaultHandler);
  44:Generated_Source\PSoC5/isr_adc_eoc.c **** 
  45:Generated_Source\PSoC5/isr_adc_eoc.c **** 
  46:Generated_Source\PSoC5/isr_adc_eoc.c **** /*******************************************************************************
  47:Generated_Source\PSoC5/isr_adc_eoc.c **** * Function Name: isr_adc_eoc_Start
  48:Generated_Source\PSoC5/isr_adc_eoc.c **** ********************************************************************************
  49:Generated_Source\PSoC5/isr_adc_eoc.c **** *
  50:Generated_Source\PSoC5/isr_adc_eoc.c **** * Summary:
  51:Generated_Source\PSoC5/isr_adc_eoc.c **** *  Set up the interrupt and enable it. This function disables the interrupt, 
  52:Generated_Source\PSoC5/isr_adc_eoc.c **** *  sets the default interrupt vector, sets the priority from the value in the
  53:Generated_Source\PSoC5/isr_adc_eoc.c **** *  Design Wide Resources Interrupt Editor, then enables the interrupt to the 
  54:Generated_Source\PSoC5/isr_adc_eoc.c **** *  interrupt controller.
  55:Generated_Source\PSoC5/isr_adc_eoc.c **** *
  56:Generated_Source\PSoC5/isr_adc_eoc.c **** * Parameters:  
  57:Generated_Source\PSoC5/isr_adc_eoc.c **** *   None
  58:Generated_Source\PSoC5/isr_adc_eoc.c **** *
  59:Generated_Source\PSoC5/isr_adc_eoc.c **** * Return:
  60:Generated_Source\PSoC5/isr_adc_eoc.c **** *   None
  61:Generated_Source\PSoC5/isr_adc_eoc.c **** *
  62:Generated_Source\PSoC5/isr_adc_eoc.c **** *******************************************************************************/
  63:Generated_Source\PSoC5/isr_adc_eoc.c **** void isr_adc_eoc_Start(void)
  64:Generated_Source\PSoC5/isr_adc_eoc.c **** {
  28              		.loc 1 64 0
  29              		.cfi_startproc
  30              		@ args = 0, pretend = 0, frame = 0
  31              		@ frame_needed = 1, uses_anonymous_args = 0
  32 0000 80B5     		push	{r7, lr}
  33              		.cfi_def_cfa_offset 8
  34              		.cfi_offset 7, -8
  35              		.cfi_offset 14, -4
  36 0002 00AF     		add	r7, sp, #0
  37              		.cfi_def_cfa_register 7
  65:Generated_Source\PSoC5/isr_adc_eoc.c ****     /* For all we know the interrupt is active. */
  66:Generated_Source\PSoC5/isr_adc_eoc.c ****     isr_adc_eoc_Disable();
  38              		.loc 1 66 0
  39 0004 FFF7FEFF 		bl	isr_adc_eoc_Disable
  67:Generated_Source\PSoC5/isr_adc_eoc.c **** 
  68:Generated_Source\PSoC5/isr_adc_eoc.c ****     /* Set the ISR to point to the isr_adc_eoc Interrupt. */
  69:Generated_Source\PSoC5/isr_adc_eoc.c ****     isr_adc_eoc_SetVector(&isr_adc_eoc_Interrupt);
  40              		.loc 1 69 0
  41 0008 0448     		ldr	r0, .L2
  42 000a FFF7FEFF 		bl	isr_adc_eoc_SetVector
  70:Generated_Source\PSoC5/isr_adc_eoc.c **** 
  71:Generated_Source\PSoC5/isr_adc_eoc.c ****     /* Set the priority. */
  72:Generated_Source\PSoC5/isr_adc_eoc.c ****     isr_adc_eoc_SetPriority((uint8)isr_adc_eoc_INTC_PRIOR_NUMBER);
ARM GAS  C:\Users\pearlstl\AppData\Local\Temp\ccZGnWBa.s 			page 3


  43              		.loc 1 72 0
  44 000e 0720     		movs	r0, #7
  45 0010 FFF7FEFF 		bl	isr_adc_eoc_SetPriority
  73:Generated_Source\PSoC5/isr_adc_eoc.c **** 
  74:Generated_Source\PSoC5/isr_adc_eoc.c ****     /* Enable it. */
  75:Generated_Source\PSoC5/isr_adc_eoc.c ****     isr_adc_eoc_Enable();
  46              		.loc 1 75 0
  47 0014 FFF7FEFF 		bl	isr_adc_eoc_Enable
  76:Generated_Source\PSoC5/isr_adc_eoc.c **** }
  48              		.loc 1 76 0
  49 0018 00BF     		nop
  50 001a 80BD     		pop	{r7, pc}
  51              	.L3:
  52              		.align	2
  53              	.L2:
  54 001c 00000000 		.word	isr_adc_eoc_Interrupt
  55              		.cfi_endproc
  56              	.LFE63:
  57              		.size	isr_adc_eoc_Start, .-isr_adc_eoc_Start
  58              		.section	.text.isr_adc_eoc_StartEx,"ax",%progbits
  59              		.align	2
  60              		.global	isr_adc_eoc_StartEx
  61              		.thumb
  62              		.thumb_func
  63              		.type	isr_adc_eoc_StartEx, %function
  64              	isr_adc_eoc_StartEx:
  65              	.LFB64:
  77:Generated_Source\PSoC5/isr_adc_eoc.c **** 
  78:Generated_Source\PSoC5/isr_adc_eoc.c **** 
  79:Generated_Source\PSoC5/isr_adc_eoc.c **** /*******************************************************************************
  80:Generated_Source\PSoC5/isr_adc_eoc.c **** * Function Name: isr_adc_eoc_StartEx
  81:Generated_Source\PSoC5/isr_adc_eoc.c **** ********************************************************************************
  82:Generated_Source\PSoC5/isr_adc_eoc.c **** *
  83:Generated_Source\PSoC5/isr_adc_eoc.c **** * Summary:
  84:Generated_Source\PSoC5/isr_adc_eoc.c **** *  Sets up the interrupt and enables it. This function disables the interrupt,
  85:Generated_Source\PSoC5/isr_adc_eoc.c **** *  sets the interrupt vector based on the address passed in, sets the priority 
  86:Generated_Source\PSoC5/isr_adc_eoc.c **** *  from the value in the Design Wide Resources Interrupt Editor, then enables 
  87:Generated_Source\PSoC5/isr_adc_eoc.c **** *  the interrupt to the interrupt controller.
  88:Generated_Source\PSoC5/isr_adc_eoc.c **** *  
  89:Generated_Source\PSoC5/isr_adc_eoc.c **** *  When defining ISR functions, the CY_ISR and CY_ISR_PROTO macros should be 
  90:Generated_Source\PSoC5/isr_adc_eoc.c **** *  used to provide consistent definition across compilers:
  91:Generated_Source\PSoC5/isr_adc_eoc.c **** *  
  92:Generated_Source\PSoC5/isr_adc_eoc.c **** *  Function definition example:
  93:Generated_Source\PSoC5/isr_adc_eoc.c **** *   CY_ISR(MyISR)
  94:Generated_Source\PSoC5/isr_adc_eoc.c **** *   {
  95:Generated_Source\PSoC5/isr_adc_eoc.c **** *   }
  96:Generated_Source\PSoC5/isr_adc_eoc.c **** *   Function prototype example:
  97:Generated_Source\PSoC5/isr_adc_eoc.c **** *   CY_ISR_PROTO(MyISR);
  98:Generated_Source\PSoC5/isr_adc_eoc.c **** *
  99:Generated_Source\PSoC5/isr_adc_eoc.c **** * Parameters:  
 100:Generated_Source\PSoC5/isr_adc_eoc.c **** *   address: Address of the ISR to set in the interrupt vector table.
 101:Generated_Source\PSoC5/isr_adc_eoc.c **** *
 102:Generated_Source\PSoC5/isr_adc_eoc.c **** * Return:
 103:Generated_Source\PSoC5/isr_adc_eoc.c **** *   None
 104:Generated_Source\PSoC5/isr_adc_eoc.c **** *
 105:Generated_Source\PSoC5/isr_adc_eoc.c **** *******************************************************************************/
 106:Generated_Source\PSoC5/isr_adc_eoc.c **** void isr_adc_eoc_StartEx(cyisraddress address)
ARM GAS  C:\Users\pearlstl\AppData\Local\Temp\ccZGnWBa.s 			page 4


 107:Generated_Source\PSoC5/isr_adc_eoc.c **** {
  66              		.loc 1 107 0
  67              		.cfi_startproc
  68              		@ args = 0, pretend = 0, frame = 8
  69              		@ frame_needed = 1, uses_anonymous_args = 0
  70 0000 80B5     		push	{r7, lr}
  71              		.cfi_def_cfa_offset 8
  72              		.cfi_offset 7, -8
  73              		.cfi_offset 14, -4
  74 0002 82B0     		sub	sp, sp, #8
  75              		.cfi_def_cfa_offset 16
  76 0004 00AF     		add	r7, sp, #0
  77              		.cfi_def_cfa_register 7
  78 0006 7860     		str	r0, [r7, #4]
 108:Generated_Source\PSoC5/isr_adc_eoc.c ****     /* For all we know the interrupt is active. */
 109:Generated_Source\PSoC5/isr_adc_eoc.c ****     isr_adc_eoc_Disable();
  79              		.loc 1 109 0
  80 0008 FFF7FEFF 		bl	isr_adc_eoc_Disable
 110:Generated_Source\PSoC5/isr_adc_eoc.c **** 
 111:Generated_Source\PSoC5/isr_adc_eoc.c ****     /* Set the ISR to point to the isr_adc_eoc Interrupt. */
 112:Generated_Source\PSoC5/isr_adc_eoc.c ****     isr_adc_eoc_SetVector(address);
  81              		.loc 1 112 0
  82 000c 7868     		ldr	r0, [r7, #4]
  83 000e FFF7FEFF 		bl	isr_adc_eoc_SetVector
 113:Generated_Source\PSoC5/isr_adc_eoc.c **** 
 114:Generated_Source\PSoC5/isr_adc_eoc.c ****     /* Set the priority. */
 115:Generated_Source\PSoC5/isr_adc_eoc.c ****     isr_adc_eoc_SetPriority((uint8)isr_adc_eoc_INTC_PRIOR_NUMBER);
  84              		.loc 1 115 0
  85 0012 0720     		movs	r0, #7
  86 0014 FFF7FEFF 		bl	isr_adc_eoc_SetPriority
 116:Generated_Source\PSoC5/isr_adc_eoc.c **** 
 117:Generated_Source\PSoC5/isr_adc_eoc.c ****     /* Enable it. */
 118:Generated_Source\PSoC5/isr_adc_eoc.c ****     isr_adc_eoc_Enable();
  87              		.loc 1 118 0
  88 0018 FFF7FEFF 		bl	isr_adc_eoc_Enable
 119:Generated_Source\PSoC5/isr_adc_eoc.c **** }
  89              		.loc 1 119 0
  90 001c 00BF     		nop
  91 001e 0837     		adds	r7, r7, #8
  92              		.cfi_def_cfa_offset 8
  93 0020 BD46     		mov	sp, r7
  94              		.cfi_def_cfa_register 13
  95              		@ sp needed
  96 0022 80BD     		pop	{r7, pc}
  97              		.cfi_endproc
  98              	.LFE64:
  99              		.size	isr_adc_eoc_StartEx, .-isr_adc_eoc_StartEx
 100              		.section	.text.isr_adc_eoc_Stop,"ax",%progbits
 101              		.align	2
 102              		.global	isr_adc_eoc_Stop
 103              		.thumb
 104              		.thumb_func
 105              		.type	isr_adc_eoc_Stop, %function
 106              	isr_adc_eoc_Stop:
 107              	.LFB65:
 120:Generated_Source\PSoC5/isr_adc_eoc.c **** 
 121:Generated_Source\PSoC5/isr_adc_eoc.c **** 
ARM GAS  C:\Users\pearlstl\AppData\Local\Temp\ccZGnWBa.s 			page 5


 122:Generated_Source\PSoC5/isr_adc_eoc.c **** /*******************************************************************************
 123:Generated_Source\PSoC5/isr_adc_eoc.c **** * Function Name: isr_adc_eoc_Stop
 124:Generated_Source\PSoC5/isr_adc_eoc.c **** ********************************************************************************
 125:Generated_Source\PSoC5/isr_adc_eoc.c **** *
 126:Generated_Source\PSoC5/isr_adc_eoc.c **** * Summary:
 127:Generated_Source\PSoC5/isr_adc_eoc.c **** *   Disables and removes the interrupt.
 128:Generated_Source\PSoC5/isr_adc_eoc.c **** *
 129:Generated_Source\PSoC5/isr_adc_eoc.c **** * Parameters:  
 130:Generated_Source\PSoC5/isr_adc_eoc.c **** *   None
 131:Generated_Source\PSoC5/isr_adc_eoc.c **** *
 132:Generated_Source\PSoC5/isr_adc_eoc.c **** * Return:
 133:Generated_Source\PSoC5/isr_adc_eoc.c **** *   None
 134:Generated_Source\PSoC5/isr_adc_eoc.c **** *
 135:Generated_Source\PSoC5/isr_adc_eoc.c **** *******************************************************************************/
 136:Generated_Source\PSoC5/isr_adc_eoc.c **** void isr_adc_eoc_Stop(void)
 137:Generated_Source\PSoC5/isr_adc_eoc.c **** {
 108              		.loc 1 137 0
 109              		.cfi_startproc
 110              		@ args = 0, pretend = 0, frame = 0
 111              		@ frame_needed = 1, uses_anonymous_args = 0
 112 0000 80B5     		push	{r7, lr}
 113              		.cfi_def_cfa_offset 8
 114              		.cfi_offset 7, -8
 115              		.cfi_offset 14, -4
 116 0002 00AF     		add	r7, sp, #0
 117              		.cfi_def_cfa_register 7
 138:Generated_Source\PSoC5/isr_adc_eoc.c ****     /* Disable this interrupt. */
 139:Generated_Source\PSoC5/isr_adc_eoc.c ****     isr_adc_eoc_Disable();
 118              		.loc 1 139 0
 119 0004 FFF7FEFF 		bl	isr_adc_eoc_Disable
 140:Generated_Source\PSoC5/isr_adc_eoc.c **** 
 141:Generated_Source\PSoC5/isr_adc_eoc.c ****     /* Set the ISR to point to the passive one. */
 142:Generated_Source\PSoC5/isr_adc_eoc.c ****     isr_adc_eoc_SetVector(&IntDefaultHandler);
 120              		.loc 1 142 0
 121 0008 0248     		ldr	r0, .L6
 122 000a FFF7FEFF 		bl	isr_adc_eoc_SetVector
 143:Generated_Source\PSoC5/isr_adc_eoc.c **** }
 123              		.loc 1 143 0
 124 000e 00BF     		nop
 125 0010 80BD     		pop	{r7, pc}
 126              	.L7:
 127 0012 00BF     		.align	2
 128              	.L6:
 129 0014 00000000 		.word	IntDefaultHandler
 130              		.cfi_endproc
 131              	.LFE65:
 132              		.size	isr_adc_eoc_Stop, .-isr_adc_eoc_Stop
 133              		.section	.text.isr_adc_eoc_Interrupt,"ax",%progbits
 134              		.align	2
 135              		.global	isr_adc_eoc_Interrupt
 136              		.thumb
 137              		.thumb_func
 138              		.type	isr_adc_eoc_Interrupt, %function
 139              	isr_adc_eoc_Interrupt:
 140              	.LFB66:
 144:Generated_Source\PSoC5/isr_adc_eoc.c **** 
 145:Generated_Source\PSoC5/isr_adc_eoc.c **** 
ARM GAS  C:\Users\pearlstl\AppData\Local\Temp\ccZGnWBa.s 			page 6


 146:Generated_Source\PSoC5/isr_adc_eoc.c **** /*******************************************************************************
 147:Generated_Source\PSoC5/isr_adc_eoc.c **** * Function Name: isr_adc_eoc_Interrupt
 148:Generated_Source\PSoC5/isr_adc_eoc.c **** ********************************************************************************
 149:Generated_Source\PSoC5/isr_adc_eoc.c **** *
 150:Generated_Source\PSoC5/isr_adc_eoc.c **** * Summary:
 151:Generated_Source\PSoC5/isr_adc_eoc.c **** *   The default Interrupt Service Routine for isr_adc_eoc.
 152:Generated_Source\PSoC5/isr_adc_eoc.c **** *
 153:Generated_Source\PSoC5/isr_adc_eoc.c **** *   Add custom code between the coments to keep the next version of this file
 154:Generated_Source\PSoC5/isr_adc_eoc.c **** *   from over writting your code.
 155:Generated_Source\PSoC5/isr_adc_eoc.c **** *
 156:Generated_Source\PSoC5/isr_adc_eoc.c **** * Parameters:  
 157:Generated_Source\PSoC5/isr_adc_eoc.c **** *
 158:Generated_Source\PSoC5/isr_adc_eoc.c **** * Return:
 159:Generated_Source\PSoC5/isr_adc_eoc.c **** *   None
 160:Generated_Source\PSoC5/isr_adc_eoc.c **** *
 161:Generated_Source\PSoC5/isr_adc_eoc.c **** *******************************************************************************/
 162:Generated_Source\PSoC5/isr_adc_eoc.c **** CY_ISR(isr_adc_eoc_Interrupt)
 163:Generated_Source\PSoC5/isr_adc_eoc.c **** {
 141              		.loc 1 163 0
 142              		.cfi_startproc
 143              		@ args = 0, pretend = 0, frame = 16
 144              		@ frame_needed = 1, uses_anonymous_args = 0
 145 0000 80B5     		push	{r7, lr}
 146              		.cfi_def_cfa_offset 8
 147              		.cfi_offset 7, -8
 148              		.cfi_offset 14, -4
 149 0002 84B0     		sub	sp, sp, #16
 150              		.cfi_def_cfa_offset 24
 151 0004 00AF     		add	r7, sp, #0
 152              		.cfi_def_cfa_register 7
 164:Generated_Source\PSoC5/isr_adc_eoc.c ****     #ifdef isr_adc_eoc_INTERRUPT_INTERRUPT_CALLBACK
 165:Generated_Source\PSoC5/isr_adc_eoc.c ****         isr_adc_eoc_Interrupt_InterruptCallback();
 166:Generated_Source\PSoC5/isr_adc_eoc.c ****     #endif /* isr_adc_eoc_INTERRUPT_INTERRUPT_CALLBACK */ 
 167:Generated_Source\PSoC5/isr_adc_eoc.c **** 
 168:Generated_Source\PSoC5/isr_adc_eoc.c ****     /*  Place your Interrupt code here. */
 169:Generated_Source\PSoC5/isr_adc_eoc.c ****     /* `#START isr_adc_eoc_Interrupt` */
 170:Generated_Source\PSoC5/isr_adc_eoc.c ****     int status;
 171:Generated_Source\PSoC5/isr_adc_eoc.c **** 
 172:Generated_Source\PSoC5/isr_adc_eoc.c **** #ifdef NDEBUG
 173:Generated_Source\PSoC5/isr_adc_eoc.c ****     P3_1_Write(1);
 174:Generated_Source\PSoC5/isr_adc_eoc.c **** #endif
 175:Generated_Source\PSoC5/isr_adc_eoc.c **** 
 176:Generated_Source\PSoC5/isr_adc_eoc.c ****     int word_idx = 0;
 153              		.loc 1 176 0
 154 0006 0023     		movs	r3, #0
 155 0008 FB60     		str	r3, [r7, #12]
 177:Generated_Source\PSoC5/isr_adc_eoc.c ****     int byte_idx = 1;
 156              		.loc 1 177 0
 157 000a 0123     		movs	r3, #1
 158 000c BB60     		str	r3, [r7, #8]
 178:Generated_Source\PSoC5/isr_adc_eoc.c ****    
 179:Generated_Source\PSoC5/isr_adc_eoc.c ****     // Get ADC result
 180:Generated_Source\PSoC5/isr_adc_eoc.c ****     int in_value = (ADC_GetResult16()<<4)-(1<<15);
 159              		.loc 1 180 0
 160 000e FFF7FEFF 		bl	ADC_GetResult16
 161 0012 0346     		mov	r3, r0
 162 0014 1B01     		lsls	r3, r3, #4
ARM GAS  C:\Users\pearlstl\AppData\Local\Temp\ccZGnWBa.s 			page 7


 163 0016 A3F50043 		sub	r3, r3, #32768
 164 001a 3B60     		str	r3, [r7]
 165              	.LBB2:
 181:Generated_Source\PSoC5/isr_adc_eoc.c ****     
 182:Generated_Source\PSoC5/isr_adc_eoc.c ****     for (int i = 0; i < 4; ++i)
 166              		.loc 1 182 0
 167 001c 0023     		movs	r3, #0
 168 001e 7B60     		str	r3, [r7, #4]
 169 0020 15E0     		b	.L9
 170              	.L11:
 183:Generated_Source\PSoC5/isr_adc_eoc.c ****     {
 184:Generated_Source\PSoC5/isr_adc_eoc.c ****         // Check for I2S_OUT write FIFO not full
 185:Generated_Source\PSoC5/isr_adc_eoc.c ****         //while (!(I2S_ReadTxStatus() & I2S_TX_FIFO_0_NOT_FULL)) {}
 186:Generated_Source\PSoC5/isr_adc_eoc.c ****         
 187:Generated_Source\PSoC5/isr_adc_eoc.c ****         //I2S_WriteByte( (force_value >> (8*byte_idx))& 0xFF, word_idx);
 188:Generated_Source\PSoC5/isr_adc_eoc.c ****         I2S_WriteByte( (in_value >> (8*byte_idx))& 0xFF, word_idx);
 171              		.loc 1 188 0
 172 0022 0E49     		ldr	r1, .L12
 173 0024 BB68     		ldr	r3, [r7, #8]
 174 0026 DB00     		lsls	r3, r3, #3
 175 0028 3A68     		ldr	r2, [r7]
 176 002a 42FA03F3 		asr	r3, r2, r3
 177 002e DBB2     		uxtb	r3, r3
 178 0030 0B70     		strb	r3, [r1]
 189:Generated_Source\PSoC5/isr_adc_eoc.c ****             
 190:Generated_Source\PSoC5/isr_adc_eoc.c ****         if (byte_idx == 0)
 179              		.loc 1 190 0
 180 0032 BB68     		ldr	r3, [r7, #8]
 181 0034 002B     		cmp	r3, #0
 182 0036 03D1     		bne	.L10
 191:Generated_Source\PSoC5/isr_adc_eoc.c ****             word_idx = 1 - word_idx;
 183              		.loc 1 191 0
 184 0038 FB68     		ldr	r3, [r7, #12]
 185 003a C3F10103 		rsb	r3, r3, #1
 186 003e FB60     		str	r3, [r7, #12]
 187              	.L10:
 192:Generated_Source\PSoC5/isr_adc_eoc.c ****         
 193:Generated_Source\PSoC5/isr_adc_eoc.c ****         byte_idx = 1 - byte_idx;
 188              		.loc 1 193 0 discriminator 2
 189 0040 BB68     		ldr	r3, [r7, #8]
 190 0042 C3F10103 		rsb	r3, r3, #1
 191 0046 BB60     		str	r3, [r7, #8]
 182:Generated_Source\PSoC5/isr_adc_eoc.c ****     {
 192              		.loc 1 182 0 discriminator 2
 193 0048 7B68     		ldr	r3, [r7, #4]
 194 004a 0133     		adds	r3, r3, #1
 195 004c 7B60     		str	r3, [r7, #4]
 196              	.L9:
 182:Generated_Source\PSoC5/isr_adc_eoc.c ****     {
 197              		.loc 1 182 0 is_stmt 0 discriminator 1
 198 004e 7B68     		ldr	r3, [r7, #4]
 199 0050 032B     		cmp	r3, #3
 200 0052 E6DD     		ble	.L11
 201              	.LBE2:
 194:Generated_Source\PSoC5/isr_adc_eoc.c ****     }
 195:Generated_Source\PSoC5/isr_adc_eoc.c **** #ifdef NDEBUG
 196:Generated_Source\PSoC5/isr_adc_eoc.c ****     P3_1_Write(0);
ARM GAS  C:\Users\pearlstl\AppData\Local\Temp\ccZGnWBa.s 			page 8


 197:Generated_Source\PSoC5/isr_adc_eoc.c **** #endif
 198:Generated_Source\PSoC5/isr_adc_eoc.c ****     /* `#END` */
 199:Generated_Source\PSoC5/isr_adc_eoc.c **** }
 202              		.loc 1 199 0 is_stmt 1
 203 0054 00BF     		nop
 204 0056 1037     		adds	r7, r7, #16
 205              		.cfi_def_cfa_offset 8
 206 0058 BD46     		mov	sp, r7
 207              		.cfi_def_cfa_register 13
 208              		@ sp needed
 209 005a 80BD     		pop	{r7, pc}
 210              	.L13:
 211              		.align	2
 212              	.L12:
 213 005c 40640040 		.word	1073767488
 214              		.cfi_endproc
 215              	.LFE66:
 216              		.size	isr_adc_eoc_Interrupt, .-isr_adc_eoc_Interrupt
 217              		.section	.text.isr_adc_eoc_SetVector,"ax",%progbits
 218              		.align	2
 219              		.global	isr_adc_eoc_SetVector
 220              		.thumb
 221              		.thumb_func
 222              		.type	isr_adc_eoc_SetVector, %function
 223              	isr_adc_eoc_SetVector:
 224              	.LFB67:
 200:Generated_Source\PSoC5/isr_adc_eoc.c **** 
 201:Generated_Source\PSoC5/isr_adc_eoc.c **** 
 202:Generated_Source\PSoC5/isr_adc_eoc.c **** /*******************************************************************************
 203:Generated_Source\PSoC5/isr_adc_eoc.c **** * Function Name: isr_adc_eoc_SetVector
 204:Generated_Source\PSoC5/isr_adc_eoc.c **** ********************************************************************************
 205:Generated_Source\PSoC5/isr_adc_eoc.c **** *
 206:Generated_Source\PSoC5/isr_adc_eoc.c **** * Summary:
 207:Generated_Source\PSoC5/isr_adc_eoc.c **** *   Change the ISR vector for the Interrupt. Note calling isr_adc_eoc_Start
 208:Generated_Source\PSoC5/isr_adc_eoc.c **** *   will override any effect this method would have had. To set the vector 
 209:Generated_Source\PSoC5/isr_adc_eoc.c **** *   before the component has been started use isr_adc_eoc_StartEx instead.
 210:Generated_Source\PSoC5/isr_adc_eoc.c **** * 
 211:Generated_Source\PSoC5/isr_adc_eoc.c **** *   When defining ISR functions, the CY_ISR and CY_ISR_PROTO macros should be 
 212:Generated_Source\PSoC5/isr_adc_eoc.c **** *   used to provide consistent definition across compilers:
 213:Generated_Source\PSoC5/isr_adc_eoc.c **** *
 214:Generated_Source\PSoC5/isr_adc_eoc.c **** *   Function definition example:
 215:Generated_Source\PSoC5/isr_adc_eoc.c **** *   CY_ISR(MyISR)
 216:Generated_Source\PSoC5/isr_adc_eoc.c **** *   {
 217:Generated_Source\PSoC5/isr_adc_eoc.c **** *   }
 218:Generated_Source\PSoC5/isr_adc_eoc.c **** *
 219:Generated_Source\PSoC5/isr_adc_eoc.c **** *   Function prototype example:
 220:Generated_Source\PSoC5/isr_adc_eoc.c **** *     CY_ISR_PROTO(MyISR);
 221:Generated_Source\PSoC5/isr_adc_eoc.c **** *
 222:Generated_Source\PSoC5/isr_adc_eoc.c **** * Parameters:
 223:Generated_Source\PSoC5/isr_adc_eoc.c **** *   address: Address of the ISR to set in the interrupt vector table.
 224:Generated_Source\PSoC5/isr_adc_eoc.c **** *
 225:Generated_Source\PSoC5/isr_adc_eoc.c **** * Return:
 226:Generated_Source\PSoC5/isr_adc_eoc.c **** *   None
 227:Generated_Source\PSoC5/isr_adc_eoc.c **** *
 228:Generated_Source\PSoC5/isr_adc_eoc.c **** *******************************************************************************/
 229:Generated_Source\PSoC5/isr_adc_eoc.c **** void isr_adc_eoc_SetVector(cyisraddress address)
 230:Generated_Source\PSoC5/isr_adc_eoc.c **** {
ARM GAS  C:\Users\pearlstl\AppData\Local\Temp\ccZGnWBa.s 			page 9


 225              		.loc 1 230 0
 226              		.cfi_startproc
 227              		@ args = 0, pretend = 0, frame = 16
 228              		@ frame_needed = 1, uses_anonymous_args = 0
 229              		@ link register save eliminated.
 230 0000 80B4     		push	{r7}
 231              		.cfi_def_cfa_offset 4
 232              		.cfi_offset 7, -4
 233 0002 85B0     		sub	sp, sp, #20
 234              		.cfi_def_cfa_offset 24
 235 0004 00AF     		add	r7, sp, #0
 236              		.cfi_def_cfa_register 7
 237 0006 7860     		str	r0, [r7, #4]
 231:Generated_Source\PSoC5/isr_adc_eoc.c ****     cyisraddress * ramVectorTable;
 232:Generated_Source\PSoC5/isr_adc_eoc.c **** 
 233:Generated_Source\PSoC5/isr_adc_eoc.c ****     ramVectorTable = (cyisraddress *) *CYINT_VECT_TABLE;
 238              		.loc 1 233 0
 239 0008 054B     		ldr	r3, .L15
 240 000a 1B68     		ldr	r3, [r3]
 241 000c FB60     		str	r3, [r7, #12]
 234:Generated_Source\PSoC5/isr_adc_eoc.c **** 
 235:Generated_Source\PSoC5/isr_adc_eoc.c ****     ramVectorTable[CYINT_IRQ_BASE + (uint32)isr_adc_eoc__INTC_NUMBER] = address;
 242              		.loc 1 235 0
 243 000e FB68     		ldr	r3, [r7, #12]
 244 0010 4433     		adds	r3, r3, #68
 245 0012 7A68     		ldr	r2, [r7, #4]
 246 0014 1A60     		str	r2, [r3]
 236:Generated_Source\PSoC5/isr_adc_eoc.c **** }
 247              		.loc 1 236 0
 248 0016 00BF     		nop
 249 0018 1437     		adds	r7, r7, #20
 250              		.cfi_def_cfa_offset 4
 251 001a BD46     		mov	sp, r7
 252              		.cfi_def_cfa_register 13
 253              		@ sp needed
 254 001c 80BC     		pop	{r7}
 255              		.cfi_restore 7
 256              		.cfi_def_cfa_offset 0
 257 001e 7047     		bx	lr
 258              	.L16:
 259              		.align	2
 260              	.L15:
 261 0020 08ED00E0 		.word	-536810232
 262              		.cfi_endproc
 263              	.LFE67:
 264              		.size	isr_adc_eoc_SetVector, .-isr_adc_eoc_SetVector
 265              		.section	.text.isr_adc_eoc_GetVector,"ax",%progbits
 266              		.align	2
 267              		.global	isr_adc_eoc_GetVector
 268              		.thumb
 269              		.thumb_func
 270              		.type	isr_adc_eoc_GetVector, %function
 271              	isr_adc_eoc_GetVector:
 272              	.LFB68:
 237:Generated_Source\PSoC5/isr_adc_eoc.c **** 
 238:Generated_Source\PSoC5/isr_adc_eoc.c **** 
 239:Generated_Source\PSoC5/isr_adc_eoc.c **** /*******************************************************************************
ARM GAS  C:\Users\pearlstl\AppData\Local\Temp\ccZGnWBa.s 			page 10


 240:Generated_Source\PSoC5/isr_adc_eoc.c **** * Function Name: isr_adc_eoc_GetVector
 241:Generated_Source\PSoC5/isr_adc_eoc.c **** ********************************************************************************
 242:Generated_Source\PSoC5/isr_adc_eoc.c **** *
 243:Generated_Source\PSoC5/isr_adc_eoc.c **** * Summary:
 244:Generated_Source\PSoC5/isr_adc_eoc.c **** *   Gets the "address" of the current ISR vector for the Interrupt.
 245:Generated_Source\PSoC5/isr_adc_eoc.c **** *
 246:Generated_Source\PSoC5/isr_adc_eoc.c **** * Parameters:
 247:Generated_Source\PSoC5/isr_adc_eoc.c **** *   None
 248:Generated_Source\PSoC5/isr_adc_eoc.c **** *
 249:Generated_Source\PSoC5/isr_adc_eoc.c **** * Return:
 250:Generated_Source\PSoC5/isr_adc_eoc.c **** *   Address of the ISR in the interrupt vector table.
 251:Generated_Source\PSoC5/isr_adc_eoc.c **** *
 252:Generated_Source\PSoC5/isr_adc_eoc.c **** *******************************************************************************/
 253:Generated_Source\PSoC5/isr_adc_eoc.c **** cyisraddress isr_adc_eoc_GetVector(void)
 254:Generated_Source\PSoC5/isr_adc_eoc.c **** {
 273              		.loc 1 254 0
 274              		.cfi_startproc
 275              		@ args = 0, pretend = 0, frame = 8
 276              		@ frame_needed = 1, uses_anonymous_args = 0
 277              		@ link register save eliminated.
 278 0000 80B4     		push	{r7}
 279              		.cfi_def_cfa_offset 4
 280              		.cfi_offset 7, -4
 281 0002 83B0     		sub	sp, sp, #12
 282              		.cfi_def_cfa_offset 16
 283 0004 00AF     		add	r7, sp, #0
 284              		.cfi_def_cfa_register 7
 255:Generated_Source\PSoC5/isr_adc_eoc.c ****     cyisraddress * ramVectorTable;
 256:Generated_Source\PSoC5/isr_adc_eoc.c **** 
 257:Generated_Source\PSoC5/isr_adc_eoc.c ****     ramVectorTable = (cyisraddress *) *CYINT_VECT_TABLE;
 285              		.loc 1 257 0
 286 0006 054B     		ldr	r3, .L19
 287 0008 1B68     		ldr	r3, [r3]
 288 000a 7B60     		str	r3, [r7, #4]
 258:Generated_Source\PSoC5/isr_adc_eoc.c **** 
 259:Generated_Source\PSoC5/isr_adc_eoc.c ****     return ramVectorTable[CYINT_IRQ_BASE + (uint32)isr_adc_eoc__INTC_NUMBER];
 289              		.loc 1 259 0
 290 000c 7B68     		ldr	r3, [r7, #4]
 291 000e 5B6C     		ldr	r3, [r3, #68]
 260:Generated_Source\PSoC5/isr_adc_eoc.c **** }
 292              		.loc 1 260 0
 293 0010 1846     		mov	r0, r3
 294 0012 0C37     		adds	r7, r7, #12
 295              		.cfi_def_cfa_offset 4
 296 0014 BD46     		mov	sp, r7
 297              		.cfi_def_cfa_register 13
 298              		@ sp needed
 299 0016 80BC     		pop	{r7}
 300              		.cfi_restore 7
 301              		.cfi_def_cfa_offset 0
 302 0018 7047     		bx	lr
 303              	.L20:
 304 001a 00BF     		.align	2
 305              	.L19:
 306 001c 08ED00E0 		.word	-536810232
 307              		.cfi_endproc
 308              	.LFE68:
ARM GAS  C:\Users\pearlstl\AppData\Local\Temp\ccZGnWBa.s 			page 11


 309              		.size	isr_adc_eoc_GetVector, .-isr_adc_eoc_GetVector
 310              		.section	.text.isr_adc_eoc_SetPriority,"ax",%progbits
 311              		.align	2
 312              		.global	isr_adc_eoc_SetPriority
 313              		.thumb
 314              		.thumb_func
 315              		.type	isr_adc_eoc_SetPriority, %function
 316              	isr_adc_eoc_SetPriority:
 317              	.LFB69:
 261:Generated_Source\PSoC5/isr_adc_eoc.c **** 
 262:Generated_Source\PSoC5/isr_adc_eoc.c **** 
 263:Generated_Source\PSoC5/isr_adc_eoc.c **** /*******************************************************************************
 264:Generated_Source\PSoC5/isr_adc_eoc.c **** * Function Name: isr_adc_eoc_SetPriority
 265:Generated_Source\PSoC5/isr_adc_eoc.c **** ********************************************************************************
 266:Generated_Source\PSoC5/isr_adc_eoc.c **** *
 267:Generated_Source\PSoC5/isr_adc_eoc.c **** * Summary:
 268:Generated_Source\PSoC5/isr_adc_eoc.c **** *   Sets the Priority of the Interrupt. 
 269:Generated_Source\PSoC5/isr_adc_eoc.c **** *
 270:Generated_Source\PSoC5/isr_adc_eoc.c **** *   Note calling isr_adc_eoc_Start or isr_adc_eoc_StartEx will 
 271:Generated_Source\PSoC5/isr_adc_eoc.c **** *   override any effect this API would have had. This API should only be called
 272:Generated_Source\PSoC5/isr_adc_eoc.c **** *   after isr_adc_eoc_Start or isr_adc_eoc_StartEx has been called. 
 273:Generated_Source\PSoC5/isr_adc_eoc.c **** *   To set the initial priority for the component, use the Design-Wide Resources
 274:Generated_Source\PSoC5/isr_adc_eoc.c **** *   Interrupt Editor.
 275:Generated_Source\PSoC5/isr_adc_eoc.c **** *
 276:Generated_Source\PSoC5/isr_adc_eoc.c **** *   Note This API has no effect on Non-maskable interrupt NMI).
 277:Generated_Source\PSoC5/isr_adc_eoc.c **** *
 278:Generated_Source\PSoC5/isr_adc_eoc.c **** * Parameters:
 279:Generated_Source\PSoC5/isr_adc_eoc.c **** *   priority: Priority of the interrupt, 0 being the highest priority
 280:Generated_Source\PSoC5/isr_adc_eoc.c **** *             PSoC 3 and PSoC 5LP: Priority is from 0 to 7.
 281:Generated_Source\PSoC5/isr_adc_eoc.c **** *             PSoC 4: Priority is from 0 to 3.
 282:Generated_Source\PSoC5/isr_adc_eoc.c **** *
 283:Generated_Source\PSoC5/isr_adc_eoc.c **** * Return:
 284:Generated_Source\PSoC5/isr_adc_eoc.c **** *   None
 285:Generated_Source\PSoC5/isr_adc_eoc.c **** *
 286:Generated_Source\PSoC5/isr_adc_eoc.c **** *******************************************************************************/
 287:Generated_Source\PSoC5/isr_adc_eoc.c **** void isr_adc_eoc_SetPriority(uint8 priority)
 288:Generated_Source\PSoC5/isr_adc_eoc.c **** {
 318              		.loc 1 288 0
 319              		.cfi_startproc
 320              		@ args = 0, pretend = 0, frame = 8
 321              		@ frame_needed = 1, uses_anonymous_args = 0
 322              		@ link register save eliminated.
 323 0000 80B4     		push	{r7}
 324              		.cfi_def_cfa_offset 4
 325              		.cfi_offset 7, -4
 326 0002 83B0     		sub	sp, sp, #12
 327              		.cfi_def_cfa_offset 16
 328 0004 00AF     		add	r7, sp, #0
 329              		.cfi_def_cfa_register 7
 330 0006 0346     		mov	r3, r0
 331 0008 FB71     		strb	r3, [r7, #7]
 289:Generated_Source\PSoC5/isr_adc_eoc.c ****     *isr_adc_eoc_INTC_PRIOR = priority << 5;
 332              		.loc 1 289 0
 333 000a 054A     		ldr	r2, .L22
 334 000c FB79     		ldrb	r3, [r7, #7]
 335 000e 5B01     		lsls	r3, r3, #5
 336 0010 DBB2     		uxtb	r3, r3
ARM GAS  C:\Users\pearlstl\AppData\Local\Temp\ccZGnWBa.s 			page 12


 337 0012 1370     		strb	r3, [r2]
 290:Generated_Source\PSoC5/isr_adc_eoc.c **** }
 338              		.loc 1 290 0
 339 0014 00BF     		nop
 340 0016 0C37     		adds	r7, r7, #12
 341              		.cfi_def_cfa_offset 4
 342 0018 BD46     		mov	sp, r7
 343              		.cfi_def_cfa_register 13
 344              		@ sp needed
 345 001a 80BC     		pop	{r7}
 346              		.cfi_restore 7
 347              		.cfi_def_cfa_offset 0
 348 001c 7047     		bx	lr
 349              	.L23:
 350 001e 00BF     		.align	2
 351              	.L22:
 352 0020 01E400E0 		.word	-536812543
 353              		.cfi_endproc
 354              	.LFE69:
 355              		.size	isr_adc_eoc_SetPriority, .-isr_adc_eoc_SetPriority
 356              		.section	.text.isr_adc_eoc_GetPriority,"ax",%progbits
 357              		.align	2
 358              		.global	isr_adc_eoc_GetPriority
 359              		.thumb
 360              		.thumb_func
 361              		.type	isr_adc_eoc_GetPriority, %function
 362              	isr_adc_eoc_GetPriority:
 363              	.LFB70:
 291:Generated_Source\PSoC5/isr_adc_eoc.c **** 
 292:Generated_Source\PSoC5/isr_adc_eoc.c **** 
 293:Generated_Source\PSoC5/isr_adc_eoc.c **** /*******************************************************************************
 294:Generated_Source\PSoC5/isr_adc_eoc.c **** * Function Name: isr_adc_eoc_GetPriority
 295:Generated_Source\PSoC5/isr_adc_eoc.c **** ********************************************************************************
 296:Generated_Source\PSoC5/isr_adc_eoc.c **** *
 297:Generated_Source\PSoC5/isr_adc_eoc.c **** * Summary:
 298:Generated_Source\PSoC5/isr_adc_eoc.c **** *   Gets the Priority of the Interrupt.
 299:Generated_Source\PSoC5/isr_adc_eoc.c **** *
 300:Generated_Source\PSoC5/isr_adc_eoc.c **** * Parameters:
 301:Generated_Source\PSoC5/isr_adc_eoc.c **** *   None
 302:Generated_Source\PSoC5/isr_adc_eoc.c **** *
 303:Generated_Source\PSoC5/isr_adc_eoc.c **** * Return:
 304:Generated_Source\PSoC5/isr_adc_eoc.c **** *   Priority of the interrupt, 0 being the highest priority
 305:Generated_Source\PSoC5/isr_adc_eoc.c **** *    PSoC 3 and PSoC 5LP: Priority is from 0 to 7.
 306:Generated_Source\PSoC5/isr_adc_eoc.c **** *    PSoC 4: Priority is from 0 to 3.
 307:Generated_Source\PSoC5/isr_adc_eoc.c **** *
 308:Generated_Source\PSoC5/isr_adc_eoc.c **** *******************************************************************************/
 309:Generated_Source\PSoC5/isr_adc_eoc.c **** uint8 isr_adc_eoc_GetPriority(void)
 310:Generated_Source\PSoC5/isr_adc_eoc.c **** {
 364              		.loc 1 310 0
 365              		.cfi_startproc
 366              		@ args = 0, pretend = 0, frame = 8
 367              		@ frame_needed = 1, uses_anonymous_args = 0
 368              		@ link register save eliminated.
 369 0000 80B4     		push	{r7}
 370              		.cfi_def_cfa_offset 4
 371              		.cfi_offset 7, -4
 372 0002 83B0     		sub	sp, sp, #12
ARM GAS  C:\Users\pearlstl\AppData\Local\Temp\ccZGnWBa.s 			page 13


 373              		.cfi_def_cfa_offset 16
 374 0004 00AF     		add	r7, sp, #0
 375              		.cfi_def_cfa_register 7
 311:Generated_Source\PSoC5/isr_adc_eoc.c ****     uint8 priority;
 312:Generated_Source\PSoC5/isr_adc_eoc.c **** 
 313:Generated_Source\PSoC5/isr_adc_eoc.c **** 
 314:Generated_Source\PSoC5/isr_adc_eoc.c ****     priority = *isr_adc_eoc_INTC_PRIOR >> 5;
 376              		.loc 1 314 0
 377 0006 054B     		ldr	r3, .L26
 378 0008 1B78     		ldrb	r3, [r3]
 379 000a DBB2     		uxtb	r3, r3
 380 000c 5B09     		lsrs	r3, r3, #5
 381 000e FB71     		strb	r3, [r7, #7]
 315:Generated_Source\PSoC5/isr_adc_eoc.c **** 
 316:Generated_Source\PSoC5/isr_adc_eoc.c ****     return priority;
 382              		.loc 1 316 0
 383 0010 FB79     		ldrb	r3, [r7, #7]	@ zero_extendqisi2
 317:Generated_Source\PSoC5/isr_adc_eoc.c **** }
 384              		.loc 1 317 0
 385 0012 1846     		mov	r0, r3
 386 0014 0C37     		adds	r7, r7, #12
 387              		.cfi_def_cfa_offset 4
 388 0016 BD46     		mov	sp, r7
 389              		.cfi_def_cfa_register 13
 390              		@ sp needed
 391 0018 80BC     		pop	{r7}
 392              		.cfi_restore 7
 393              		.cfi_def_cfa_offset 0
 394 001a 7047     		bx	lr
 395              	.L27:
 396              		.align	2
 397              	.L26:
 398 001c 01E400E0 		.word	-536812543
 399              		.cfi_endproc
 400              	.LFE70:
 401              		.size	isr_adc_eoc_GetPriority, .-isr_adc_eoc_GetPriority
 402              		.section	.text.isr_adc_eoc_Enable,"ax",%progbits
 403              		.align	2
 404              		.global	isr_adc_eoc_Enable
 405              		.thumb
 406              		.thumb_func
 407              		.type	isr_adc_eoc_Enable, %function
 408              	isr_adc_eoc_Enable:
 409              	.LFB71:
 318:Generated_Source\PSoC5/isr_adc_eoc.c **** 
 319:Generated_Source\PSoC5/isr_adc_eoc.c **** 
 320:Generated_Source\PSoC5/isr_adc_eoc.c **** /*******************************************************************************
 321:Generated_Source\PSoC5/isr_adc_eoc.c **** * Function Name: isr_adc_eoc_Enable
 322:Generated_Source\PSoC5/isr_adc_eoc.c **** ********************************************************************************
 323:Generated_Source\PSoC5/isr_adc_eoc.c **** *
 324:Generated_Source\PSoC5/isr_adc_eoc.c **** * Summary:
 325:Generated_Source\PSoC5/isr_adc_eoc.c **** *   Enables the interrupt to the interrupt controller. Do not call this function
 326:Generated_Source\PSoC5/isr_adc_eoc.c **** *   unless ISR_Start() has been called or the functionality of the ISR_Start() 
 327:Generated_Source\PSoC5/isr_adc_eoc.c **** *   function, which sets the vector and the priority, has been called.
 328:Generated_Source\PSoC5/isr_adc_eoc.c **** *
 329:Generated_Source\PSoC5/isr_adc_eoc.c **** * Parameters:
 330:Generated_Source\PSoC5/isr_adc_eoc.c **** *   None
ARM GAS  C:\Users\pearlstl\AppData\Local\Temp\ccZGnWBa.s 			page 14


 331:Generated_Source\PSoC5/isr_adc_eoc.c **** *
 332:Generated_Source\PSoC5/isr_adc_eoc.c **** * Return:
 333:Generated_Source\PSoC5/isr_adc_eoc.c **** *   None
 334:Generated_Source\PSoC5/isr_adc_eoc.c **** *
 335:Generated_Source\PSoC5/isr_adc_eoc.c **** *******************************************************************************/
 336:Generated_Source\PSoC5/isr_adc_eoc.c **** void isr_adc_eoc_Enable(void)
 337:Generated_Source\PSoC5/isr_adc_eoc.c **** {
 410              		.loc 1 337 0
 411              		.cfi_startproc
 412              		@ args = 0, pretend = 0, frame = 0
 413              		@ frame_needed = 1, uses_anonymous_args = 0
 414              		@ link register save eliminated.
 415 0000 80B4     		push	{r7}
 416              		.cfi_def_cfa_offset 4
 417              		.cfi_offset 7, -4
 418 0002 00AF     		add	r7, sp, #0
 419              		.cfi_def_cfa_register 7
 338:Generated_Source\PSoC5/isr_adc_eoc.c ****     /* Enable the general interrupt. */
 339:Generated_Source\PSoC5/isr_adc_eoc.c ****     *isr_adc_eoc_INTC_SET_EN = isr_adc_eoc__INTC_MASK;
 420              		.loc 1 339 0
 421 0004 034B     		ldr	r3, .L29
 422 0006 0222     		movs	r2, #2
 423 0008 1A60     		str	r2, [r3]
 340:Generated_Source\PSoC5/isr_adc_eoc.c **** }
 424              		.loc 1 340 0
 425 000a 00BF     		nop
 426 000c BD46     		mov	sp, r7
 427              		.cfi_def_cfa_register 13
 428              		@ sp needed
 429 000e 80BC     		pop	{r7}
 430              		.cfi_restore 7
 431              		.cfi_def_cfa_offset 0
 432 0010 7047     		bx	lr
 433              	.L30:
 434 0012 00BF     		.align	2
 435              	.L29:
 436 0014 00E100E0 		.word	-536813312
 437              		.cfi_endproc
 438              	.LFE71:
 439              		.size	isr_adc_eoc_Enable, .-isr_adc_eoc_Enable
 440              		.section	.text.isr_adc_eoc_GetState,"ax",%progbits
 441              		.align	2
 442              		.global	isr_adc_eoc_GetState
 443              		.thumb
 444              		.thumb_func
 445              		.type	isr_adc_eoc_GetState, %function
 446              	isr_adc_eoc_GetState:
 447              	.LFB72:
 341:Generated_Source\PSoC5/isr_adc_eoc.c **** 
 342:Generated_Source\PSoC5/isr_adc_eoc.c **** 
 343:Generated_Source\PSoC5/isr_adc_eoc.c **** /*******************************************************************************
 344:Generated_Source\PSoC5/isr_adc_eoc.c **** * Function Name: isr_adc_eoc_GetState
 345:Generated_Source\PSoC5/isr_adc_eoc.c **** ********************************************************************************
 346:Generated_Source\PSoC5/isr_adc_eoc.c **** *
 347:Generated_Source\PSoC5/isr_adc_eoc.c **** * Summary:
 348:Generated_Source\PSoC5/isr_adc_eoc.c **** *   Gets the state (enabled, disabled) of the Interrupt.
 349:Generated_Source\PSoC5/isr_adc_eoc.c **** *
ARM GAS  C:\Users\pearlstl\AppData\Local\Temp\ccZGnWBa.s 			page 15


 350:Generated_Source\PSoC5/isr_adc_eoc.c **** * Parameters:
 351:Generated_Source\PSoC5/isr_adc_eoc.c **** *   None
 352:Generated_Source\PSoC5/isr_adc_eoc.c **** *
 353:Generated_Source\PSoC5/isr_adc_eoc.c **** * Return:
 354:Generated_Source\PSoC5/isr_adc_eoc.c **** *   1 if enabled, 0 if disabled.
 355:Generated_Source\PSoC5/isr_adc_eoc.c **** *
 356:Generated_Source\PSoC5/isr_adc_eoc.c **** *******************************************************************************/
 357:Generated_Source\PSoC5/isr_adc_eoc.c **** uint8 isr_adc_eoc_GetState(void)
 358:Generated_Source\PSoC5/isr_adc_eoc.c **** {
 448              		.loc 1 358 0
 449              		.cfi_startproc
 450              		@ args = 0, pretend = 0, frame = 0
 451              		@ frame_needed = 1, uses_anonymous_args = 0
 452              		@ link register save eliminated.
 453 0000 80B4     		push	{r7}
 454              		.cfi_def_cfa_offset 4
 455              		.cfi_offset 7, -4
 456 0002 00AF     		add	r7, sp, #0
 457              		.cfi_def_cfa_register 7
 359:Generated_Source\PSoC5/isr_adc_eoc.c ****     /* Get the state of the general interrupt. */
 360:Generated_Source\PSoC5/isr_adc_eoc.c ****     return ((*isr_adc_eoc_INTC_SET_EN & (uint32)isr_adc_eoc__INTC_MASK) != 0u) ? 1u:0u;
 458              		.loc 1 360 0
 459 0004 064B     		ldr	r3, .L35
 460 0006 1B68     		ldr	r3, [r3]
 461 0008 03F00203 		and	r3, r3, #2
 462 000c 002B     		cmp	r3, #0
 463 000e 01D0     		beq	.L32
 464              		.loc 1 360 0 is_stmt 0 discriminator 1
 465 0010 0123     		movs	r3, #1
 466 0012 00E0     		b	.L33
 467              	.L32:
 468              		.loc 1 360 0 discriminator 2
 469 0014 0023     		movs	r3, #0
 470              	.L33:
 361:Generated_Source\PSoC5/isr_adc_eoc.c **** }
 471              		.loc 1 361 0 is_stmt 1 discriminator 4
 472 0016 1846     		mov	r0, r3
 473 0018 BD46     		mov	sp, r7
 474              		.cfi_def_cfa_register 13
 475              		@ sp needed
 476 001a 80BC     		pop	{r7}
 477              		.cfi_restore 7
 478              		.cfi_def_cfa_offset 0
 479 001c 7047     		bx	lr
 480              	.L36:
 481 001e 00BF     		.align	2
 482              	.L35:
 483 0020 00E100E0 		.word	-536813312
 484              		.cfi_endproc
 485              	.LFE72:
 486              		.size	isr_adc_eoc_GetState, .-isr_adc_eoc_GetState
 487              		.section	.text.isr_adc_eoc_Disable,"ax",%progbits
 488              		.align	2
 489              		.global	isr_adc_eoc_Disable
 490              		.thumb
 491              		.thumb_func
 492              		.type	isr_adc_eoc_Disable, %function
ARM GAS  C:\Users\pearlstl\AppData\Local\Temp\ccZGnWBa.s 			page 16


 493              	isr_adc_eoc_Disable:
 494              	.LFB73:
 362:Generated_Source\PSoC5/isr_adc_eoc.c **** 
 363:Generated_Source\PSoC5/isr_adc_eoc.c **** 
 364:Generated_Source\PSoC5/isr_adc_eoc.c **** /*******************************************************************************
 365:Generated_Source\PSoC5/isr_adc_eoc.c **** * Function Name: isr_adc_eoc_Disable
 366:Generated_Source\PSoC5/isr_adc_eoc.c **** ********************************************************************************
 367:Generated_Source\PSoC5/isr_adc_eoc.c **** *
 368:Generated_Source\PSoC5/isr_adc_eoc.c **** * Summary:
 369:Generated_Source\PSoC5/isr_adc_eoc.c **** *   Disables the Interrupt in the interrupt controller.
 370:Generated_Source\PSoC5/isr_adc_eoc.c **** *
 371:Generated_Source\PSoC5/isr_adc_eoc.c **** * Parameters:
 372:Generated_Source\PSoC5/isr_adc_eoc.c **** *   None
 373:Generated_Source\PSoC5/isr_adc_eoc.c **** *
 374:Generated_Source\PSoC5/isr_adc_eoc.c **** * Return:
 375:Generated_Source\PSoC5/isr_adc_eoc.c **** *   None
 376:Generated_Source\PSoC5/isr_adc_eoc.c **** *
 377:Generated_Source\PSoC5/isr_adc_eoc.c **** *******************************************************************************/
 378:Generated_Source\PSoC5/isr_adc_eoc.c **** void isr_adc_eoc_Disable(void)
 379:Generated_Source\PSoC5/isr_adc_eoc.c **** {
 495              		.loc 1 379 0
 496              		.cfi_startproc
 497              		@ args = 0, pretend = 0, frame = 0
 498              		@ frame_needed = 1, uses_anonymous_args = 0
 499              		@ link register save eliminated.
 500 0000 80B4     		push	{r7}
 501              		.cfi_def_cfa_offset 4
 502              		.cfi_offset 7, -4
 503 0002 00AF     		add	r7, sp, #0
 504              		.cfi_def_cfa_register 7
 380:Generated_Source\PSoC5/isr_adc_eoc.c ****     /* Disable the general interrupt. */
 381:Generated_Source\PSoC5/isr_adc_eoc.c ****     *isr_adc_eoc_INTC_CLR_EN = isr_adc_eoc__INTC_MASK;
 505              		.loc 1 381 0
 506 0004 034B     		ldr	r3, .L38
 507 0006 0222     		movs	r2, #2
 508 0008 1A60     		str	r2, [r3]
 382:Generated_Source\PSoC5/isr_adc_eoc.c **** }
 509              		.loc 1 382 0
 510 000a 00BF     		nop
 511 000c BD46     		mov	sp, r7
 512              		.cfi_def_cfa_register 13
 513              		@ sp needed
 514 000e 80BC     		pop	{r7}
 515              		.cfi_restore 7
 516              		.cfi_def_cfa_offset 0
 517 0010 7047     		bx	lr
 518              	.L39:
 519 0012 00BF     		.align	2
 520              	.L38:
 521 0014 80E100E0 		.word	-536813184
 522              		.cfi_endproc
 523              	.LFE73:
 524              		.size	isr_adc_eoc_Disable, .-isr_adc_eoc_Disable
 525              		.section	.text.isr_adc_eoc_SetPending,"ax",%progbits
 526              		.align	2
 527              		.global	isr_adc_eoc_SetPending
 528              		.thumb
ARM GAS  C:\Users\pearlstl\AppData\Local\Temp\ccZGnWBa.s 			page 17


 529              		.thumb_func
 530              		.type	isr_adc_eoc_SetPending, %function
 531              	isr_adc_eoc_SetPending:
 532              	.LFB74:
 383:Generated_Source\PSoC5/isr_adc_eoc.c **** 
 384:Generated_Source\PSoC5/isr_adc_eoc.c **** 
 385:Generated_Source\PSoC5/isr_adc_eoc.c **** /*******************************************************************************
 386:Generated_Source\PSoC5/isr_adc_eoc.c **** * Function Name: isr_adc_eoc_SetPending
 387:Generated_Source\PSoC5/isr_adc_eoc.c **** ********************************************************************************
 388:Generated_Source\PSoC5/isr_adc_eoc.c **** *
 389:Generated_Source\PSoC5/isr_adc_eoc.c **** * Summary:
 390:Generated_Source\PSoC5/isr_adc_eoc.c **** *   Causes the Interrupt to enter the pending state, a software method of
 391:Generated_Source\PSoC5/isr_adc_eoc.c **** *   generating the interrupt.
 392:Generated_Source\PSoC5/isr_adc_eoc.c **** *
 393:Generated_Source\PSoC5/isr_adc_eoc.c **** * Parameters:
 394:Generated_Source\PSoC5/isr_adc_eoc.c **** *   None
 395:Generated_Source\PSoC5/isr_adc_eoc.c **** *
 396:Generated_Source\PSoC5/isr_adc_eoc.c **** * Return:
 397:Generated_Source\PSoC5/isr_adc_eoc.c **** *   None
 398:Generated_Source\PSoC5/isr_adc_eoc.c **** *
 399:Generated_Source\PSoC5/isr_adc_eoc.c **** * Side Effects:
 400:Generated_Source\PSoC5/isr_adc_eoc.c **** *   If interrupts are enabled and the interrupt is set up properly, the ISR is
 401:Generated_Source\PSoC5/isr_adc_eoc.c **** *   entered (depending on the priority of this interrupt and other pending 
 402:Generated_Source\PSoC5/isr_adc_eoc.c **** *   interrupts).
 403:Generated_Source\PSoC5/isr_adc_eoc.c **** *
 404:Generated_Source\PSoC5/isr_adc_eoc.c **** *******************************************************************************/
 405:Generated_Source\PSoC5/isr_adc_eoc.c **** void isr_adc_eoc_SetPending(void)
 406:Generated_Source\PSoC5/isr_adc_eoc.c **** {
 533              		.loc 1 406 0
 534              		.cfi_startproc
 535              		@ args = 0, pretend = 0, frame = 0
 536              		@ frame_needed = 1, uses_anonymous_args = 0
 537              		@ link register save eliminated.
 538 0000 80B4     		push	{r7}
 539              		.cfi_def_cfa_offset 4
 540              		.cfi_offset 7, -4
 541 0002 00AF     		add	r7, sp, #0
 542              		.cfi_def_cfa_register 7
 407:Generated_Source\PSoC5/isr_adc_eoc.c ****     *isr_adc_eoc_INTC_SET_PD = isr_adc_eoc__INTC_MASK;
 543              		.loc 1 407 0
 544 0004 034B     		ldr	r3, .L41
 545 0006 0222     		movs	r2, #2
 546 0008 1A60     		str	r2, [r3]
 408:Generated_Source\PSoC5/isr_adc_eoc.c **** }
 547              		.loc 1 408 0
 548 000a 00BF     		nop
 549 000c BD46     		mov	sp, r7
 550              		.cfi_def_cfa_register 13
 551              		@ sp needed
 552 000e 80BC     		pop	{r7}
 553              		.cfi_restore 7
 554              		.cfi_def_cfa_offset 0
 555 0010 7047     		bx	lr
 556              	.L42:
 557 0012 00BF     		.align	2
 558              	.L41:
 559 0014 00E200E0 		.word	-536813056
ARM GAS  C:\Users\pearlstl\AppData\Local\Temp\ccZGnWBa.s 			page 18


 560              		.cfi_endproc
 561              	.LFE74:
 562              		.size	isr_adc_eoc_SetPending, .-isr_adc_eoc_SetPending
 563              		.section	.text.isr_adc_eoc_ClearPending,"ax",%progbits
 564              		.align	2
 565              		.global	isr_adc_eoc_ClearPending
 566              		.thumb
 567              		.thumb_func
 568              		.type	isr_adc_eoc_ClearPending, %function
 569              	isr_adc_eoc_ClearPending:
 570              	.LFB75:
 409:Generated_Source\PSoC5/isr_adc_eoc.c **** 
 410:Generated_Source\PSoC5/isr_adc_eoc.c **** 
 411:Generated_Source\PSoC5/isr_adc_eoc.c **** /*******************************************************************************
 412:Generated_Source\PSoC5/isr_adc_eoc.c **** * Function Name: isr_adc_eoc_ClearPending
 413:Generated_Source\PSoC5/isr_adc_eoc.c **** ********************************************************************************
 414:Generated_Source\PSoC5/isr_adc_eoc.c **** *
 415:Generated_Source\PSoC5/isr_adc_eoc.c **** * Summary:
 416:Generated_Source\PSoC5/isr_adc_eoc.c **** *   Clears a pending interrupt in the interrupt controller.
 417:Generated_Source\PSoC5/isr_adc_eoc.c **** *
 418:Generated_Source\PSoC5/isr_adc_eoc.c **** *   Note Some interrupt sources are clear-on-read and require the block 
 419:Generated_Source\PSoC5/isr_adc_eoc.c **** *   interrupt/status register to be read/cleared with the appropriate block API 
 420:Generated_Source\PSoC5/isr_adc_eoc.c **** *   (GPIO, UART, and so on). Otherwise the ISR will continue to remain in 
 421:Generated_Source\PSoC5/isr_adc_eoc.c **** *   pending state even though the interrupt itself is cleared using this API.
 422:Generated_Source\PSoC5/isr_adc_eoc.c **** *
 423:Generated_Source\PSoC5/isr_adc_eoc.c **** * Parameters:
 424:Generated_Source\PSoC5/isr_adc_eoc.c **** *   None
 425:Generated_Source\PSoC5/isr_adc_eoc.c **** *
 426:Generated_Source\PSoC5/isr_adc_eoc.c **** * Return:
 427:Generated_Source\PSoC5/isr_adc_eoc.c **** *   None
 428:Generated_Source\PSoC5/isr_adc_eoc.c **** *
 429:Generated_Source\PSoC5/isr_adc_eoc.c **** *******************************************************************************/
 430:Generated_Source\PSoC5/isr_adc_eoc.c **** void isr_adc_eoc_ClearPending(void)
 431:Generated_Source\PSoC5/isr_adc_eoc.c **** {
 571              		.loc 1 431 0
 572              		.cfi_startproc
 573              		@ args = 0, pretend = 0, frame = 0
 574              		@ frame_needed = 1, uses_anonymous_args = 0
 575              		@ link register save eliminated.
 576 0000 80B4     		push	{r7}
 577              		.cfi_def_cfa_offset 4
 578              		.cfi_offset 7, -4
 579 0002 00AF     		add	r7, sp, #0
 580              		.cfi_def_cfa_register 7
 432:Generated_Source\PSoC5/isr_adc_eoc.c ****     *isr_adc_eoc_INTC_CLR_PD = isr_adc_eoc__INTC_MASK;
 581              		.loc 1 432 0
 582 0004 034B     		ldr	r3, .L44
 583 0006 0222     		movs	r2, #2
 584 0008 1A60     		str	r2, [r3]
 433:Generated_Source\PSoC5/isr_adc_eoc.c **** }
 585              		.loc 1 433 0
 586 000a 00BF     		nop
 587 000c BD46     		mov	sp, r7
 588              		.cfi_def_cfa_register 13
 589              		@ sp needed
 590 000e 80BC     		pop	{r7}
 591              		.cfi_restore 7
ARM GAS  C:\Users\pearlstl\AppData\Local\Temp\ccZGnWBa.s 			page 19


 592              		.cfi_def_cfa_offset 0
 593 0010 7047     		bx	lr
 594              	.L45:
 595 0012 00BF     		.align	2
 596              	.L44:
 597 0014 80E200E0 		.word	-536812928
 598              		.cfi_endproc
 599              	.LFE75:
 600              		.size	isr_adc_eoc_ClearPending, .-isr_adc_eoc_ClearPending
 601              		.text
 602              	.Letext0:
 603              		.file 2 "c:\\program files (x86)\\cypress\\psoc creator\\4.2\\psoc creator\\import\\gnu\\arm\\5.4.
 604              		.file 3 "c:\\program files (x86)\\cypress\\psoc creator\\4.2\\psoc creator\\import\\gnu\\arm\\5.4.
 605              		.file 4 "Generated_Source\\PSoC5/cytypes.h"
 606              		.file 5 "Generated_Source\\PSoC5/core_cm3.h"
 607              		.section	.debug_info,"",%progbits
 608              	.Ldebug_info0:
 609 0000 B4020000 		.4byte	0x2b4
 610 0004 0400     		.2byte	0x4
 611 0006 00000000 		.4byte	.Ldebug_abbrev0
 612 000a 04       		.byte	0x4
 613 000b 01       		.uleb128 0x1
 614 000c 1E000000 		.4byte	.LASF39
 615 0010 0C       		.byte	0xc
 616 0011 E5010000 		.4byte	.LASF40
 617 0015 7A020000 		.4byte	.LASF41
 618 0019 00000000 		.4byte	.Ldebug_ranges0+0
 619 001d 00000000 		.4byte	0
 620 0021 00000000 		.4byte	.Ldebug_line0
 621 0025 02       		.uleb128 0x2
 622 0026 04       		.byte	0x4
 623 0027 05       		.byte	0x5
 624 0028 696E7400 		.ascii	"int\000"
 625 002c 03       		.uleb128 0x3
 626 002d 04       		.byte	0x4
 627 002e 07       		.byte	0x7
 628 002f B9010000 		.4byte	.LASF0
 629 0033 03       		.uleb128 0x3
 630 0034 08       		.byte	0x8
 631 0035 05       		.byte	0x5
 632 0036 44020000 		.4byte	.LASF1
 633 003a 03       		.uleb128 0x3
 634 003b 08       		.byte	0x8
 635 003c 04       		.byte	0x4
 636 003d 0C030000 		.4byte	.LASF2
 637 0041 03       		.uleb128 0x3
 638 0042 01       		.byte	0x1
 639 0043 06       		.byte	0x6
 640 0044 2A030000 		.4byte	.LASF3
 641 0048 03       		.uleb128 0x3
 642 0049 01       		.byte	0x1
 643 004a 08       		.byte	0x8
 644 004b 16010000 		.4byte	.LASF4
 645 004f 03       		.uleb128 0x3
 646 0050 02       		.byte	0x2
 647 0051 05       		.byte	0x5
 648 0052 96010000 		.4byte	.LASF5
ARM GAS  C:\Users\pearlstl\AppData\Local\Temp\ccZGnWBa.s 			page 20


 649 0056 03       		.uleb128 0x3
 650 0057 02       		.byte	0x2
 651 0058 07       		.byte	0x7
 652 0059 50010000 		.4byte	.LASF6
 653 005d 04       		.uleb128 0x4
 654 005e C1000000 		.4byte	.LASF12
 655 0062 02       		.byte	0x2
 656 0063 3F       		.byte	0x3f
 657 0064 68000000 		.4byte	0x68
 658 0068 03       		.uleb128 0x3
 659 0069 04       		.byte	0x4
 660 006a 05       		.byte	0x5
 661 006b EA020000 		.4byte	.LASF7
 662 006f 03       		.uleb128 0x3
 663 0070 04       		.byte	0x4
 664 0071 07       		.byte	0x7
 665 0072 84010000 		.4byte	.LASF8
 666 0076 03       		.uleb128 0x3
 667 0077 08       		.byte	0x8
 668 0078 07       		.byte	0x7
 669 0079 CE010000 		.4byte	.LASF9
 670 007d 03       		.uleb128 0x3
 671 007e 04       		.byte	0x4
 672 007f 07       		.byte	0x7
 673 0080 32020000 		.4byte	.LASF10
 674 0084 03       		.uleb128 0x3
 675 0085 01       		.byte	0x1
 676 0086 08       		.byte	0x8
 677 0087 66020000 		.4byte	.LASF11
 678 008b 05       		.uleb128 0x5
 679 008c 04       		.byte	0x4
 680 008d 91000000 		.4byte	0x91
 681 0091 06       		.uleb128 0x6
 682 0092 04       		.uleb128 0x4
 683 0093 2A020000 		.4byte	.LASF13
 684 0097 03       		.byte	0x3
 685 0098 2C       		.byte	0x2c
 686 0099 5D000000 		.4byte	0x5d
 687 009d 07       		.uleb128 0x7
 688 009e E4020000 		.4byte	.LASF14
 689 00a2 04       		.byte	0x4
 690 00a3 E401     		.2byte	0x1e4
 691 00a5 48000000 		.4byte	0x48
 692 00a9 07       		.uleb128 0x7
 693 00aa A9010000 		.4byte	.LASF15
 694 00ae 04       		.byte	0x4
 695 00af E601     		.2byte	0x1e6
 696 00b1 6F000000 		.4byte	0x6f
 697 00b5 03       		.uleb128 0x3
 698 00b6 04       		.byte	0x4
 699 00b7 04       		.byte	0x4
 700 00b8 E2000000 		.4byte	.LASF16
 701 00bc 03       		.uleb128 0x3
 702 00bd 08       		.byte	0x8
 703 00be 04       		.byte	0x4
 704 00bf CB000000 		.4byte	.LASF17
 705 00c3 07       		.uleb128 0x7
ARM GAS  C:\Users\pearlstl\AppData\Local\Temp\ccZGnWBa.s 			page 21


 706 00c4 3A010000 		.4byte	.LASF18
 707 00c8 04       		.byte	0x4
 708 00c9 8E02     		.2byte	0x28e
 709 00cb CF000000 		.4byte	0xcf
 710 00cf 08       		.uleb128 0x8
 711 00d0 9D000000 		.4byte	0x9d
 712 00d4 07       		.uleb128 0x7
 713 00d5 18000000 		.4byte	.LASF19
 714 00d9 04       		.byte	0x4
 715 00da 9002     		.2byte	0x290
 716 00dc E0000000 		.4byte	0xe0
 717 00e0 08       		.uleb128 0x8
 718 00e1 A9000000 		.4byte	0xa9
 719 00e5 07       		.uleb128 0x7
 720 00e6 1D020000 		.4byte	.LASF20
 721 00ea 04       		.byte	0x4
 722 00eb A002     		.2byte	0x2a0
 723 00ed 8B000000 		.4byte	0x8b
 724 00f1 09       		.uleb128 0x9
 725 00f2 18030000 		.4byte	.LASF21
 726 00f6 01       		.byte	0x1
 727 00f7 3F       		.byte	0x3f
 728 00f8 00000000 		.4byte	.LFB63
 729 00fc 20000000 		.4byte	.LFE63-.LFB63
 730 0100 01       		.uleb128 0x1
 731 0101 9C       		.byte	0x9c
 732 0102 0A       		.uleb128 0xa
 733 0103 70010000 		.4byte	.LASF23
 734 0107 01       		.byte	0x1
 735 0108 6A       		.byte	0x6a
 736 0109 00000000 		.4byte	.LFB64
 737 010d 24000000 		.4byte	.LFE64-.LFB64
 738 0111 01       		.uleb128 0x1
 739 0112 9C       		.byte	0x9c
 740 0113 26010000 		.4byte	0x126
 741 0117 0B       		.uleb128 0xb
 742 0118 C6010000 		.4byte	.LASF29
 743 011c 01       		.byte	0x1
 744 011d 6A       		.byte	0x6a
 745 011e E5000000 		.4byte	0xe5
 746 0122 02       		.uleb128 0x2
 747 0123 91       		.byte	0x91
 748 0124 74       		.sleb128 -12
 749 0125 00       		.byte	0
 750 0126 09       		.uleb128 0x9
 751 0127 3F010000 		.4byte	.LASF22
 752 012b 01       		.byte	0x1
 753 012c 88       		.byte	0x88
 754 012d 00000000 		.4byte	.LFB65
 755 0131 18000000 		.4byte	.LFE65-.LFB65
 756 0135 01       		.uleb128 0x1
 757 0136 9C       		.byte	0x9c
 758 0137 0A       		.uleb128 0xa
 759 0138 24010000 		.4byte	.LASF24
 760 013c 01       		.byte	0x1
 761 013d A2       		.byte	0xa2
 762 013e 00000000 		.4byte	.LFB66
ARM GAS  C:\Users\pearlstl\AppData\Local\Temp\ccZGnWBa.s 			page 22


 763 0142 60000000 		.4byte	.LFE66-.LFB66
 764 0146 01       		.uleb128 0x1
 765 0147 9C       		.byte	0x9c
 766 0148 98010000 		.4byte	0x198
 767 014c 0C       		.uleb128 0xc
 768 014d D2000000 		.4byte	.LASF42
 769 0151 01       		.byte	0x1
 770 0152 AA       		.byte	0xaa
 771 0153 25000000 		.4byte	0x25
 772 0157 0D       		.uleb128 0xd
 773 0158 B0010000 		.4byte	.LASF25
 774 015c 01       		.byte	0x1
 775 015d B0       		.byte	0xb0
 776 015e 25000000 		.4byte	0x25
 777 0162 02       		.uleb128 0x2
 778 0163 91       		.byte	0x91
 779 0164 74       		.sleb128 -12
 780 0165 0D       		.uleb128 0xd
 781 0166 D9000000 		.4byte	.LASF26
 782 016a 01       		.byte	0x1
 783 016b B1       		.byte	0xb1
 784 016c 25000000 		.4byte	0x25
 785 0170 02       		.uleb128 0x2
 786 0171 91       		.byte	0x91
 787 0172 70       		.sleb128 -16
 788 0173 0D       		.uleb128 0xd
 789 0174 3B020000 		.4byte	.LASF27
 790 0178 01       		.byte	0x1
 791 0179 B4       		.byte	0xb4
 792 017a 25000000 		.4byte	0x25
 793 017e 02       		.uleb128 0x2
 794 017f 91       		.byte	0x91
 795 0180 68       		.sleb128 -24
 796 0181 0E       		.uleb128 0xe
 797 0182 1C000000 		.4byte	.LBB2
 798 0186 38000000 		.4byte	.LBE2-.LBB2
 799 018a 0F       		.uleb128 0xf
 800 018b 6900     		.ascii	"i\000"
 801 018d 01       		.byte	0x1
 802 018e B6       		.byte	0xb6
 803 018f 25000000 		.4byte	0x25
 804 0193 02       		.uleb128 0x2
 805 0194 91       		.byte	0x91
 806 0195 6C       		.sleb128 -20
 807 0196 00       		.byte	0
 808 0197 00       		.byte	0
 809 0198 10       		.uleb128 0x10
 810 0199 36030000 		.4byte	.LASF28
 811 019d 01       		.byte	0x1
 812 019e E5       		.byte	0xe5
 813 019f 00000000 		.4byte	.LFB67
 814 01a3 24000000 		.4byte	.LFE67-.LFB67
 815 01a7 01       		.uleb128 0x1
 816 01a8 9C       		.byte	0x9c
 817 01a9 CA010000 		.4byte	0x1ca
 818 01ad 0B       		.uleb128 0xb
 819 01ae C6010000 		.4byte	.LASF29
ARM GAS  C:\Users\pearlstl\AppData\Local\Temp\ccZGnWBa.s 			page 23


 820 01b2 01       		.byte	0x1
 821 01b3 E5       		.byte	0xe5
 822 01b4 E5000000 		.4byte	0xe5
 823 01b8 02       		.uleb128 0x2
 824 01b9 91       		.byte	0x91
 825 01ba 6C       		.sleb128 -20
 826 01bb 0D       		.uleb128 0xd
 827 01bc 6B020000 		.4byte	.LASF30
 828 01c0 01       		.byte	0x1
 829 01c1 E7       		.byte	0xe7
 830 01c2 CA010000 		.4byte	0x1ca
 831 01c6 02       		.uleb128 0x2
 832 01c7 91       		.byte	0x91
 833 01c8 74       		.sleb128 -12
 834 01c9 00       		.byte	0
 835 01ca 05       		.uleb128 0x5
 836 01cb 04       		.byte	0x4
 837 01cc E5000000 		.4byte	0xe5
 838 01d0 11       		.uleb128 0x11
 839 01d1 00010000 		.4byte	.LASF33
 840 01d5 01       		.byte	0x1
 841 01d6 FD       		.byte	0xfd
 842 01d7 E5000000 		.4byte	0xe5
 843 01db 00000000 		.4byte	.LFB68
 844 01df 20000000 		.4byte	.LFE68-.LFB68
 845 01e3 01       		.uleb128 0x1
 846 01e4 9C       		.byte	0x9c
 847 01e5 F8010000 		.4byte	0x1f8
 848 01e9 0D       		.uleb128 0xd
 849 01ea 6B020000 		.4byte	.LASF30
 850 01ee 01       		.byte	0x1
 851 01ef FF       		.byte	0xff
 852 01f0 CA010000 		.4byte	0x1ca
 853 01f4 02       		.uleb128 0x2
 854 01f5 91       		.byte	0x91
 855 01f6 74       		.sleb128 -12
 856 01f7 00       		.byte	0
 857 01f8 12       		.uleb128 0x12
 858 01f9 E8000000 		.4byte	.LASF31
 859 01fd 01       		.byte	0x1
 860 01fe 1F01     		.2byte	0x11f
 861 0200 00000000 		.4byte	.LFB69
 862 0204 24000000 		.4byte	.LFE69-.LFB69
 863 0208 01       		.uleb128 0x1
 864 0209 9C       		.byte	0x9c
 865 020a 1E020000 		.4byte	0x21e
 866 020e 13       		.uleb128 0x13
 867 020f A0010000 		.4byte	.LASF32
 868 0213 01       		.byte	0x1
 869 0214 1F01     		.2byte	0x11f
 870 0216 9D000000 		.4byte	0x9d
 871 021a 02       		.uleb128 0x2
 872 021b 91       		.byte	0x91
 873 021c 77       		.sleb128 -9
 874 021d 00       		.byte	0
 875 021e 14       		.uleb128 0x14
 876 021f 00000000 		.4byte	.LASF34
ARM GAS  C:\Users\pearlstl\AppData\Local\Temp\ccZGnWBa.s 			page 24


 877 0223 01       		.byte	0x1
 878 0224 3501     		.2byte	0x135
 879 0226 9D000000 		.4byte	0x9d
 880 022a 00000000 		.4byte	.LFB70
 881 022e 20000000 		.4byte	.LFE70-.LFB70
 882 0232 01       		.uleb128 0x1
 883 0233 9C       		.byte	0x9c
 884 0234 48020000 		.4byte	0x248
 885 0238 15       		.uleb128 0x15
 886 0239 A0010000 		.4byte	.LASF32
 887 023d 01       		.byte	0x1
 888 023e 3701     		.2byte	0x137
 889 0240 9D000000 		.4byte	0x9d
 890 0244 02       		.uleb128 0x2
 891 0245 91       		.byte	0x91
 892 0246 77       		.sleb128 -9
 893 0247 00       		.byte	0
 894 0248 16       		.uleb128 0x16
 895 0249 0A020000 		.4byte	.LASF35
 896 024d 01       		.byte	0x1
 897 024e 5001     		.2byte	0x150
 898 0250 00000000 		.4byte	.LFB71
 899 0254 18000000 		.4byte	.LFE71-.LFB71
 900 0258 01       		.uleb128 0x1
 901 0259 9C       		.byte	0x9c
 902 025a 17       		.uleb128 0x17
 903 025b AC000000 		.4byte	.LASF43
 904 025f 01       		.byte	0x1
 905 0260 6501     		.2byte	0x165
 906 0262 9D000000 		.4byte	0x9d
 907 0266 00000000 		.4byte	.LFB72
 908 026a 24000000 		.4byte	.LFE72-.LFB72
 909 026e 01       		.uleb128 0x1
 910 026f 9C       		.byte	0x9c
 911 0270 16       		.uleb128 0x16
 912 0271 52020000 		.4byte	.LASF36
 913 0275 01       		.byte	0x1
 914 0276 7A01     		.2byte	0x17a
 915 0278 00000000 		.4byte	.LFB73
 916 027c 18000000 		.4byte	.LFE73-.LFB73
 917 0280 01       		.uleb128 0x1
 918 0281 9C       		.byte	0x9c
 919 0282 16       		.uleb128 0x16
 920 0283 CD020000 		.4byte	.LASF37
 921 0287 01       		.byte	0x1
 922 0288 9501     		.2byte	0x195
 923 028a 00000000 		.4byte	.LFB74
 924 028e 18000000 		.4byte	.LFE74-.LFB74
 925 0292 01       		.uleb128 0x1
 926 0293 9C       		.byte	0x9c
 927 0294 16       		.uleb128 0x16
 928 0295 F3020000 		.4byte	.LASF38
 929 0299 01       		.byte	0x1
 930 029a AE01     		.2byte	0x1ae
 931 029c 00000000 		.4byte	.LFB75
 932 02a0 18000000 		.4byte	.LFE75-.LFB75
 933 02a4 01       		.uleb128 0x1
ARM GAS  C:\Users\pearlstl\AppData\Local\Temp\ccZGnWBa.s 			page 25


 934 02a5 9C       		.byte	0x9c
 935 02a6 18       		.uleb128 0x18
 936 02a7 63010000 		.4byte	.LASF44
 937 02ab 05       		.byte	0x5
 938 02ac 1207     		.2byte	0x712
 939 02ae B2020000 		.4byte	0x2b2
 940 02b2 08       		.uleb128 0x8
 941 02b3 92000000 		.4byte	0x92
 942 02b7 00       		.byte	0
 943              		.section	.debug_abbrev,"",%progbits
 944              	.Ldebug_abbrev0:
 945 0000 01       		.uleb128 0x1
 946 0001 11       		.uleb128 0x11
 947 0002 01       		.byte	0x1
 948 0003 25       		.uleb128 0x25
 949 0004 0E       		.uleb128 0xe
 950 0005 13       		.uleb128 0x13
 951 0006 0B       		.uleb128 0xb
 952 0007 03       		.uleb128 0x3
 953 0008 0E       		.uleb128 0xe
 954 0009 1B       		.uleb128 0x1b
 955 000a 0E       		.uleb128 0xe
 956 000b 55       		.uleb128 0x55
 957 000c 17       		.uleb128 0x17
 958 000d 11       		.uleb128 0x11
 959 000e 01       		.uleb128 0x1
 960 000f 10       		.uleb128 0x10
 961 0010 17       		.uleb128 0x17
 962 0011 00       		.byte	0
 963 0012 00       		.byte	0
 964 0013 02       		.uleb128 0x2
 965 0014 24       		.uleb128 0x24
 966 0015 00       		.byte	0
 967 0016 0B       		.uleb128 0xb
 968 0017 0B       		.uleb128 0xb
 969 0018 3E       		.uleb128 0x3e
 970 0019 0B       		.uleb128 0xb
 971 001a 03       		.uleb128 0x3
 972 001b 08       		.uleb128 0x8
 973 001c 00       		.byte	0
 974 001d 00       		.byte	0
 975 001e 03       		.uleb128 0x3
 976 001f 24       		.uleb128 0x24
 977 0020 00       		.byte	0
 978 0021 0B       		.uleb128 0xb
 979 0022 0B       		.uleb128 0xb
 980 0023 3E       		.uleb128 0x3e
 981 0024 0B       		.uleb128 0xb
 982 0025 03       		.uleb128 0x3
 983 0026 0E       		.uleb128 0xe
 984 0027 00       		.byte	0
 985 0028 00       		.byte	0
 986 0029 04       		.uleb128 0x4
 987 002a 16       		.uleb128 0x16
 988 002b 00       		.byte	0
 989 002c 03       		.uleb128 0x3
 990 002d 0E       		.uleb128 0xe
ARM GAS  C:\Users\pearlstl\AppData\Local\Temp\ccZGnWBa.s 			page 26


 991 002e 3A       		.uleb128 0x3a
 992 002f 0B       		.uleb128 0xb
 993 0030 3B       		.uleb128 0x3b
 994 0031 0B       		.uleb128 0xb
 995 0032 49       		.uleb128 0x49
 996 0033 13       		.uleb128 0x13
 997 0034 00       		.byte	0
 998 0035 00       		.byte	0
 999 0036 05       		.uleb128 0x5
 1000 0037 0F       		.uleb128 0xf
 1001 0038 00       		.byte	0
 1002 0039 0B       		.uleb128 0xb
 1003 003a 0B       		.uleb128 0xb
 1004 003b 49       		.uleb128 0x49
 1005 003c 13       		.uleb128 0x13
 1006 003d 00       		.byte	0
 1007 003e 00       		.byte	0
 1008 003f 06       		.uleb128 0x6
 1009 0040 15       		.uleb128 0x15
 1010 0041 00       		.byte	0
 1011 0042 27       		.uleb128 0x27
 1012 0043 19       		.uleb128 0x19
 1013 0044 00       		.byte	0
 1014 0045 00       		.byte	0
 1015 0046 07       		.uleb128 0x7
 1016 0047 16       		.uleb128 0x16
 1017 0048 00       		.byte	0
 1018 0049 03       		.uleb128 0x3
 1019 004a 0E       		.uleb128 0xe
 1020 004b 3A       		.uleb128 0x3a
 1021 004c 0B       		.uleb128 0xb
 1022 004d 3B       		.uleb128 0x3b
 1023 004e 05       		.uleb128 0x5
 1024 004f 49       		.uleb128 0x49
 1025 0050 13       		.uleb128 0x13
 1026 0051 00       		.byte	0
 1027 0052 00       		.byte	0
 1028 0053 08       		.uleb128 0x8
 1029 0054 35       		.uleb128 0x35
 1030 0055 00       		.byte	0
 1031 0056 49       		.uleb128 0x49
 1032 0057 13       		.uleb128 0x13
 1033 0058 00       		.byte	0
 1034 0059 00       		.byte	0
 1035 005a 09       		.uleb128 0x9
 1036 005b 2E       		.uleb128 0x2e
 1037 005c 00       		.byte	0
 1038 005d 3F       		.uleb128 0x3f
 1039 005e 19       		.uleb128 0x19
 1040 005f 03       		.uleb128 0x3
 1041 0060 0E       		.uleb128 0xe
 1042 0061 3A       		.uleb128 0x3a
 1043 0062 0B       		.uleb128 0xb
 1044 0063 3B       		.uleb128 0x3b
 1045 0064 0B       		.uleb128 0xb
 1046 0065 27       		.uleb128 0x27
 1047 0066 19       		.uleb128 0x19
ARM GAS  C:\Users\pearlstl\AppData\Local\Temp\ccZGnWBa.s 			page 27


 1048 0067 11       		.uleb128 0x11
 1049 0068 01       		.uleb128 0x1
 1050 0069 12       		.uleb128 0x12
 1051 006a 06       		.uleb128 0x6
 1052 006b 40       		.uleb128 0x40
 1053 006c 18       		.uleb128 0x18
 1054 006d 9642     		.uleb128 0x2116
 1055 006f 19       		.uleb128 0x19
 1056 0070 00       		.byte	0
 1057 0071 00       		.byte	0
 1058 0072 0A       		.uleb128 0xa
 1059 0073 2E       		.uleb128 0x2e
 1060 0074 01       		.byte	0x1
 1061 0075 3F       		.uleb128 0x3f
 1062 0076 19       		.uleb128 0x19
 1063 0077 03       		.uleb128 0x3
 1064 0078 0E       		.uleb128 0xe
 1065 0079 3A       		.uleb128 0x3a
 1066 007a 0B       		.uleb128 0xb
 1067 007b 3B       		.uleb128 0x3b
 1068 007c 0B       		.uleb128 0xb
 1069 007d 27       		.uleb128 0x27
 1070 007e 19       		.uleb128 0x19
 1071 007f 11       		.uleb128 0x11
 1072 0080 01       		.uleb128 0x1
 1073 0081 12       		.uleb128 0x12
 1074 0082 06       		.uleb128 0x6
 1075 0083 40       		.uleb128 0x40
 1076 0084 18       		.uleb128 0x18
 1077 0085 9642     		.uleb128 0x2116
 1078 0087 19       		.uleb128 0x19
 1079 0088 01       		.uleb128 0x1
 1080 0089 13       		.uleb128 0x13
 1081 008a 00       		.byte	0
 1082 008b 00       		.byte	0
 1083 008c 0B       		.uleb128 0xb
 1084 008d 05       		.uleb128 0x5
 1085 008e 00       		.byte	0
 1086 008f 03       		.uleb128 0x3
 1087 0090 0E       		.uleb128 0xe
 1088 0091 3A       		.uleb128 0x3a
 1089 0092 0B       		.uleb128 0xb
 1090 0093 3B       		.uleb128 0x3b
 1091 0094 0B       		.uleb128 0xb
 1092 0095 49       		.uleb128 0x49
 1093 0096 13       		.uleb128 0x13
 1094 0097 02       		.uleb128 0x2
 1095 0098 18       		.uleb128 0x18
 1096 0099 00       		.byte	0
 1097 009a 00       		.byte	0
 1098 009b 0C       		.uleb128 0xc
 1099 009c 34       		.uleb128 0x34
 1100 009d 00       		.byte	0
 1101 009e 03       		.uleb128 0x3
 1102 009f 0E       		.uleb128 0xe
 1103 00a0 3A       		.uleb128 0x3a
 1104 00a1 0B       		.uleb128 0xb
ARM GAS  C:\Users\pearlstl\AppData\Local\Temp\ccZGnWBa.s 			page 28


 1105 00a2 3B       		.uleb128 0x3b
 1106 00a3 0B       		.uleb128 0xb
 1107 00a4 49       		.uleb128 0x49
 1108 00a5 13       		.uleb128 0x13
 1109 00a6 00       		.byte	0
 1110 00a7 00       		.byte	0
 1111 00a8 0D       		.uleb128 0xd
 1112 00a9 34       		.uleb128 0x34
 1113 00aa 00       		.byte	0
 1114 00ab 03       		.uleb128 0x3
 1115 00ac 0E       		.uleb128 0xe
 1116 00ad 3A       		.uleb128 0x3a
 1117 00ae 0B       		.uleb128 0xb
 1118 00af 3B       		.uleb128 0x3b
 1119 00b0 0B       		.uleb128 0xb
 1120 00b1 49       		.uleb128 0x49
 1121 00b2 13       		.uleb128 0x13
 1122 00b3 02       		.uleb128 0x2
 1123 00b4 18       		.uleb128 0x18
 1124 00b5 00       		.byte	0
 1125 00b6 00       		.byte	0
 1126 00b7 0E       		.uleb128 0xe
 1127 00b8 0B       		.uleb128 0xb
 1128 00b9 01       		.byte	0x1
 1129 00ba 11       		.uleb128 0x11
 1130 00bb 01       		.uleb128 0x1
 1131 00bc 12       		.uleb128 0x12
 1132 00bd 06       		.uleb128 0x6
 1133 00be 00       		.byte	0
 1134 00bf 00       		.byte	0
 1135 00c0 0F       		.uleb128 0xf
 1136 00c1 34       		.uleb128 0x34
 1137 00c2 00       		.byte	0
 1138 00c3 03       		.uleb128 0x3
 1139 00c4 08       		.uleb128 0x8
 1140 00c5 3A       		.uleb128 0x3a
 1141 00c6 0B       		.uleb128 0xb
 1142 00c7 3B       		.uleb128 0x3b
 1143 00c8 0B       		.uleb128 0xb
 1144 00c9 49       		.uleb128 0x49
 1145 00ca 13       		.uleb128 0x13
 1146 00cb 02       		.uleb128 0x2
 1147 00cc 18       		.uleb128 0x18
 1148 00cd 00       		.byte	0
 1149 00ce 00       		.byte	0
 1150 00cf 10       		.uleb128 0x10
 1151 00d0 2E       		.uleb128 0x2e
 1152 00d1 01       		.byte	0x1
 1153 00d2 3F       		.uleb128 0x3f
 1154 00d3 19       		.uleb128 0x19
 1155 00d4 03       		.uleb128 0x3
 1156 00d5 0E       		.uleb128 0xe
 1157 00d6 3A       		.uleb128 0x3a
 1158 00d7 0B       		.uleb128 0xb
 1159 00d8 3B       		.uleb128 0x3b
 1160 00d9 0B       		.uleb128 0xb
 1161 00da 27       		.uleb128 0x27
ARM GAS  C:\Users\pearlstl\AppData\Local\Temp\ccZGnWBa.s 			page 29


 1162 00db 19       		.uleb128 0x19
 1163 00dc 11       		.uleb128 0x11
 1164 00dd 01       		.uleb128 0x1
 1165 00de 12       		.uleb128 0x12
 1166 00df 06       		.uleb128 0x6
 1167 00e0 40       		.uleb128 0x40
 1168 00e1 18       		.uleb128 0x18
 1169 00e2 9742     		.uleb128 0x2117
 1170 00e4 19       		.uleb128 0x19
 1171 00e5 01       		.uleb128 0x1
 1172 00e6 13       		.uleb128 0x13
 1173 00e7 00       		.byte	0
 1174 00e8 00       		.byte	0
 1175 00e9 11       		.uleb128 0x11
 1176 00ea 2E       		.uleb128 0x2e
 1177 00eb 01       		.byte	0x1
 1178 00ec 3F       		.uleb128 0x3f
 1179 00ed 19       		.uleb128 0x19
 1180 00ee 03       		.uleb128 0x3
 1181 00ef 0E       		.uleb128 0xe
 1182 00f0 3A       		.uleb128 0x3a
 1183 00f1 0B       		.uleb128 0xb
 1184 00f2 3B       		.uleb128 0x3b
 1185 00f3 0B       		.uleb128 0xb
 1186 00f4 27       		.uleb128 0x27
 1187 00f5 19       		.uleb128 0x19
 1188 00f6 49       		.uleb128 0x49
 1189 00f7 13       		.uleb128 0x13
 1190 00f8 11       		.uleb128 0x11
 1191 00f9 01       		.uleb128 0x1
 1192 00fa 12       		.uleb128 0x12
 1193 00fb 06       		.uleb128 0x6
 1194 00fc 40       		.uleb128 0x40
 1195 00fd 18       		.uleb128 0x18
 1196 00fe 9742     		.uleb128 0x2117
 1197 0100 19       		.uleb128 0x19
 1198 0101 01       		.uleb128 0x1
 1199 0102 13       		.uleb128 0x13
 1200 0103 00       		.byte	0
 1201 0104 00       		.byte	0
 1202 0105 12       		.uleb128 0x12
 1203 0106 2E       		.uleb128 0x2e
 1204 0107 01       		.byte	0x1
 1205 0108 3F       		.uleb128 0x3f
 1206 0109 19       		.uleb128 0x19
 1207 010a 03       		.uleb128 0x3
 1208 010b 0E       		.uleb128 0xe
 1209 010c 3A       		.uleb128 0x3a
 1210 010d 0B       		.uleb128 0xb
 1211 010e 3B       		.uleb128 0x3b
 1212 010f 05       		.uleb128 0x5
 1213 0110 27       		.uleb128 0x27
 1214 0111 19       		.uleb128 0x19
 1215 0112 11       		.uleb128 0x11
 1216 0113 01       		.uleb128 0x1
 1217 0114 12       		.uleb128 0x12
 1218 0115 06       		.uleb128 0x6
ARM GAS  C:\Users\pearlstl\AppData\Local\Temp\ccZGnWBa.s 			page 30


 1219 0116 40       		.uleb128 0x40
 1220 0117 18       		.uleb128 0x18
 1221 0118 9742     		.uleb128 0x2117
 1222 011a 19       		.uleb128 0x19
 1223 011b 01       		.uleb128 0x1
 1224 011c 13       		.uleb128 0x13
 1225 011d 00       		.byte	0
 1226 011e 00       		.byte	0
 1227 011f 13       		.uleb128 0x13
 1228 0120 05       		.uleb128 0x5
 1229 0121 00       		.byte	0
 1230 0122 03       		.uleb128 0x3
 1231 0123 0E       		.uleb128 0xe
 1232 0124 3A       		.uleb128 0x3a
 1233 0125 0B       		.uleb128 0xb
 1234 0126 3B       		.uleb128 0x3b
 1235 0127 05       		.uleb128 0x5
 1236 0128 49       		.uleb128 0x49
 1237 0129 13       		.uleb128 0x13
 1238 012a 02       		.uleb128 0x2
 1239 012b 18       		.uleb128 0x18
 1240 012c 00       		.byte	0
 1241 012d 00       		.byte	0
 1242 012e 14       		.uleb128 0x14
 1243 012f 2E       		.uleb128 0x2e
 1244 0130 01       		.byte	0x1
 1245 0131 3F       		.uleb128 0x3f
 1246 0132 19       		.uleb128 0x19
 1247 0133 03       		.uleb128 0x3
 1248 0134 0E       		.uleb128 0xe
 1249 0135 3A       		.uleb128 0x3a
 1250 0136 0B       		.uleb128 0xb
 1251 0137 3B       		.uleb128 0x3b
 1252 0138 05       		.uleb128 0x5
 1253 0139 27       		.uleb128 0x27
 1254 013a 19       		.uleb128 0x19
 1255 013b 49       		.uleb128 0x49
 1256 013c 13       		.uleb128 0x13
 1257 013d 11       		.uleb128 0x11
 1258 013e 01       		.uleb128 0x1
 1259 013f 12       		.uleb128 0x12
 1260 0140 06       		.uleb128 0x6
 1261 0141 40       		.uleb128 0x40
 1262 0142 18       		.uleb128 0x18
 1263 0143 9742     		.uleb128 0x2117
 1264 0145 19       		.uleb128 0x19
 1265 0146 01       		.uleb128 0x1
 1266 0147 13       		.uleb128 0x13
 1267 0148 00       		.byte	0
 1268 0149 00       		.byte	0
 1269 014a 15       		.uleb128 0x15
 1270 014b 34       		.uleb128 0x34
 1271 014c 00       		.byte	0
 1272 014d 03       		.uleb128 0x3
 1273 014e 0E       		.uleb128 0xe
 1274 014f 3A       		.uleb128 0x3a
 1275 0150 0B       		.uleb128 0xb
ARM GAS  C:\Users\pearlstl\AppData\Local\Temp\ccZGnWBa.s 			page 31


 1276 0151 3B       		.uleb128 0x3b
 1277 0152 05       		.uleb128 0x5
 1278 0153 49       		.uleb128 0x49
 1279 0154 13       		.uleb128 0x13
 1280 0155 02       		.uleb128 0x2
 1281 0156 18       		.uleb128 0x18
 1282 0157 00       		.byte	0
 1283 0158 00       		.byte	0
 1284 0159 16       		.uleb128 0x16
 1285 015a 2E       		.uleb128 0x2e
 1286 015b 00       		.byte	0
 1287 015c 3F       		.uleb128 0x3f
 1288 015d 19       		.uleb128 0x19
 1289 015e 03       		.uleb128 0x3
 1290 015f 0E       		.uleb128 0xe
 1291 0160 3A       		.uleb128 0x3a
 1292 0161 0B       		.uleb128 0xb
 1293 0162 3B       		.uleb128 0x3b
 1294 0163 05       		.uleb128 0x5
 1295 0164 27       		.uleb128 0x27
 1296 0165 19       		.uleb128 0x19
 1297 0166 11       		.uleb128 0x11
 1298 0167 01       		.uleb128 0x1
 1299 0168 12       		.uleb128 0x12
 1300 0169 06       		.uleb128 0x6
 1301 016a 40       		.uleb128 0x40
 1302 016b 18       		.uleb128 0x18
 1303 016c 9742     		.uleb128 0x2117
 1304 016e 19       		.uleb128 0x19
 1305 016f 00       		.byte	0
 1306 0170 00       		.byte	0
 1307 0171 17       		.uleb128 0x17
 1308 0172 2E       		.uleb128 0x2e
 1309 0173 00       		.byte	0
 1310 0174 3F       		.uleb128 0x3f
 1311 0175 19       		.uleb128 0x19
 1312 0176 03       		.uleb128 0x3
 1313 0177 0E       		.uleb128 0xe
 1314 0178 3A       		.uleb128 0x3a
 1315 0179 0B       		.uleb128 0xb
 1316 017a 3B       		.uleb128 0x3b
 1317 017b 05       		.uleb128 0x5
 1318 017c 27       		.uleb128 0x27
 1319 017d 19       		.uleb128 0x19
 1320 017e 49       		.uleb128 0x49
 1321 017f 13       		.uleb128 0x13
 1322 0180 11       		.uleb128 0x11
 1323 0181 01       		.uleb128 0x1
 1324 0182 12       		.uleb128 0x12
 1325 0183 06       		.uleb128 0x6
 1326 0184 40       		.uleb128 0x40
 1327 0185 18       		.uleb128 0x18
 1328 0186 9742     		.uleb128 0x2117
 1329 0188 19       		.uleb128 0x19
 1330 0189 00       		.byte	0
 1331 018a 00       		.byte	0
 1332 018b 18       		.uleb128 0x18
ARM GAS  C:\Users\pearlstl\AppData\Local\Temp\ccZGnWBa.s 			page 32


 1333 018c 34       		.uleb128 0x34
 1334 018d 00       		.byte	0
 1335 018e 03       		.uleb128 0x3
 1336 018f 0E       		.uleb128 0xe
 1337 0190 3A       		.uleb128 0x3a
 1338 0191 0B       		.uleb128 0xb
 1339 0192 3B       		.uleb128 0x3b
 1340 0193 05       		.uleb128 0x5
 1341 0194 49       		.uleb128 0x49
 1342 0195 13       		.uleb128 0x13
 1343 0196 3F       		.uleb128 0x3f
 1344 0197 19       		.uleb128 0x19
 1345 0198 3C       		.uleb128 0x3c
 1346 0199 19       		.uleb128 0x19
 1347 019a 00       		.byte	0
 1348 019b 00       		.byte	0
 1349 019c 00       		.byte	0
 1350              		.section	.debug_aranges,"",%progbits
 1351 0000 7C000000 		.4byte	0x7c
 1352 0004 0200     		.2byte	0x2
 1353 0006 00000000 		.4byte	.Ldebug_info0
 1354 000a 04       		.byte	0x4
 1355 000b 00       		.byte	0
 1356 000c 0000     		.2byte	0
 1357 000e 0000     		.2byte	0
 1358 0010 00000000 		.4byte	.LFB63
 1359 0014 20000000 		.4byte	.LFE63-.LFB63
 1360 0018 00000000 		.4byte	.LFB64
 1361 001c 24000000 		.4byte	.LFE64-.LFB64
 1362 0020 00000000 		.4byte	.LFB65
 1363 0024 18000000 		.4byte	.LFE65-.LFB65
 1364 0028 00000000 		.4byte	.LFB66
 1365 002c 60000000 		.4byte	.LFE66-.LFB66
 1366 0030 00000000 		.4byte	.LFB67
 1367 0034 24000000 		.4byte	.LFE67-.LFB67
 1368 0038 00000000 		.4byte	.LFB68
 1369 003c 20000000 		.4byte	.LFE68-.LFB68
 1370 0040 00000000 		.4byte	.LFB69
 1371 0044 24000000 		.4byte	.LFE69-.LFB69
 1372 0048 00000000 		.4byte	.LFB70
 1373 004c 20000000 		.4byte	.LFE70-.LFB70
 1374 0050 00000000 		.4byte	.LFB71
 1375 0054 18000000 		.4byte	.LFE71-.LFB71
 1376 0058 00000000 		.4byte	.LFB72
 1377 005c 24000000 		.4byte	.LFE72-.LFB72
 1378 0060 00000000 		.4byte	.LFB73
 1379 0064 18000000 		.4byte	.LFE73-.LFB73
 1380 0068 00000000 		.4byte	.LFB74
 1381 006c 18000000 		.4byte	.LFE74-.LFB74
 1382 0070 00000000 		.4byte	.LFB75
 1383 0074 18000000 		.4byte	.LFE75-.LFB75
 1384 0078 00000000 		.4byte	0
 1385 007c 00000000 		.4byte	0
 1386              		.section	.debug_ranges,"",%progbits
 1387              	.Ldebug_ranges0:
 1388 0000 00000000 		.4byte	.LFB63
 1389 0004 20000000 		.4byte	.LFE63
ARM GAS  C:\Users\pearlstl\AppData\Local\Temp\ccZGnWBa.s 			page 33


 1390 0008 00000000 		.4byte	.LFB64
 1391 000c 24000000 		.4byte	.LFE64
 1392 0010 00000000 		.4byte	.LFB65
 1393 0014 18000000 		.4byte	.LFE65
 1394 0018 00000000 		.4byte	.LFB66
 1395 001c 60000000 		.4byte	.LFE66
 1396 0020 00000000 		.4byte	.LFB67
 1397 0024 24000000 		.4byte	.LFE67
 1398 0028 00000000 		.4byte	.LFB68
 1399 002c 20000000 		.4byte	.LFE68
 1400 0030 00000000 		.4byte	.LFB69
 1401 0034 24000000 		.4byte	.LFE69
 1402 0038 00000000 		.4byte	.LFB70
 1403 003c 20000000 		.4byte	.LFE70
 1404 0040 00000000 		.4byte	.LFB71
 1405 0044 18000000 		.4byte	.LFE71
 1406 0048 00000000 		.4byte	.LFB72
 1407 004c 24000000 		.4byte	.LFE72
 1408 0050 00000000 		.4byte	.LFB73
 1409 0054 18000000 		.4byte	.LFE73
 1410 0058 00000000 		.4byte	.LFB74
 1411 005c 18000000 		.4byte	.LFE74
 1412 0060 00000000 		.4byte	.LFB75
 1413 0064 18000000 		.4byte	.LFE75
 1414 0068 00000000 		.4byte	0
 1415 006c 00000000 		.4byte	0
 1416              		.section	.debug_line,"",%progbits
 1417              	.Ldebug_line0:
 1418 0000 79020000 		.section	.debug_str,"MS",%progbits,1
 1418      02005301 
 1418      00000201 
 1418      FB0E0D00 
 1418      01010101 
 1419              	.LASF34:
 1420 0000 6973725F 		.ascii	"isr_adc_eoc_GetPriority\000"
 1420      6164635F 
 1420      656F635F 
 1420      47657450 
 1420      72696F72 
 1421              	.LASF19:
 1422 0018 72656733 		.ascii	"reg32\000"
 1422      3200
 1423              	.LASF39:
 1424 001e 474E5520 		.ascii	"GNU C11 5.4.1 20160609 (release) [ARM/embedded-5-br"
 1424      43313120 
 1424      352E342E 
 1424      31203230 
 1424      31363036 
 1425 0051 616E6368 		.ascii	"anch revision 237715] -mcpu=cortex-m3 -mthumb -g -O"
 1425      20726576 
 1425      6973696F 
 1425      6E203233 
 1425      37373135 
 1426 0084 30202D66 		.ascii	"0 -ffunction-sections -ffat-lto-objects\000"
 1426      66756E63 
 1426      74696F6E 
 1426      2D736563 
ARM GAS  C:\Users\pearlstl\AppData\Local\Temp\ccZGnWBa.s 			page 34


 1426      74696F6E 
 1427              	.LASF43:
 1428 00ac 6973725F 		.ascii	"isr_adc_eoc_GetState\000"
 1428      6164635F 
 1428      656F635F 
 1428      47657453 
 1428      74617465 
 1429              	.LASF12:
 1430 00c1 5F5F696E 		.ascii	"__int32_t\000"
 1430      7433325F 
 1430      7400
 1431              	.LASF17:
 1432 00cb 646F7562 		.ascii	"double\000"
 1432      6C6500
 1433              	.LASF42:
 1434 00d2 73746174 		.ascii	"status\000"
 1434      757300
 1435              	.LASF26:
 1436 00d9 62797465 		.ascii	"byte_idx\000"
 1436      5F696478 
 1436      00
 1437              	.LASF16:
 1438 00e2 666C6F61 		.ascii	"float\000"
 1438      7400
 1439              	.LASF31:
 1440 00e8 6973725F 		.ascii	"isr_adc_eoc_SetPriority\000"
 1440      6164635F 
 1440      656F635F 
 1440      53657450 
 1440      72696F72 
 1441              	.LASF33:
 1442 0100 6973725F 		.ascii	"isr_adc_eoc_GetVector\000"
 1442      6164635F 
 1442      656F635F 
 1442      47657456 
 1442      6563746F 
 1443              	.LASF4:
 1444 0116 756E7369 		.ascii	"unsigned char\000"
 1444      676E6564 
 1444      20636861 
 1444      7200
 1445              	.LASF24:
 1446 0124 6973725F 		.ascii	"isr_adc_eoc_Interrupt\000"
 1446      6164635F 
 1446      656F635F 
 1446      496E7465 
 1446      72727570 
 1447              	.LASF18:
 1448 013a 72656738 		.ascii	"reg8\000"
 1448      00
 1449              	.LASF22:
 1450 013f 6973725F 		.ascii	"isr_adc_eoc_Stop\000"
 1450      6164635F 
 1450      656F635F 
 1450      53746F70 
 1450      00
 1451              	.LASF6:
ARM GAS  C:\Users\pearlstl\AppData\Local\Temp\ccZGnWBa.s 			page 35


 1452 0150 73686F72 		.ascii	"short unsigned int\000"
 1452      7420756E 
 1452      7369676E 
 1452      65642069 
 1452      6E7400
 1453              	.LASF44:
 1454 0163 49544D5F 		.ascii	"ITM_RxBuffer\000"
 1454      52784275 
 1454      66666572 
 1454      00
 1455              	.LASF23:
 1456 0170 6973725F 		.ascii	"isr_adc_eoc_StartEx\000"
 1456      6164635F 
 1456      656F635F 
 1456      53746172 
 1456      74457800 
 1457              	.LASF8:
 1458 0184 6C6F6E67 		.ascii	"long unsigned int\000"
 1458      20756E73 
 1458      69676E65 
 1458      6420696E 
 1458      7400
 1459              	.LASF5:
 1460 0196 73686F72 		.ascii	"short int\000"
 1460      7420696E 
 1460      7400
 1461              	.LASF32:
 1462 01a0 7072696F 		.ascii	"priority\000"
 1462      72697479 
 1462      00
 1463              	.LASF15:
 1464 01a9 75696E74 		.ascii	"uint32\000"
 1464      333200
 1465              	.LASF25:
 1466 01b0 776F7264 		.ascii	"word_idx\000"
 1466      5F696478 
 1466      00
 1467              	.LASF0:
 1468 01b9 756E7369 		.ascii	"unsigned int\000"
 1468      676E6564 
 1468      20696E74 
 1468      00
 1469              	.LASF29:
 1470 01c6 61646472 		.ascii	"address\000"
 1470      65737300 
 1471              	.LASF9:
 1472 01ce 6C6F6E67 		.ascii	"long long unsigned int\000"
 1472      206C6F6E 
 1472      6720756E 
 1472      7369676E 
 1472      65642069 
 1473              	.LASF40:
 1474 01e5 47656E65 		.ascii	"Generated_Source\\PSoC5\\isr_adc_eoc.c\000"
 1474      72617465 
 1474      645F536F 
 1474      75726365 
 1474      5C50536F 
ARM GAS  C:\Users\pearlstl\AppData\Local\Temp\ccZGnWBa.s 			page 36


 1475              	.LASF35:
 1476 020a 6973725F 		.ascii	"isr_adc_eoc_Enable\000"
 1476      6164635F 
 1476      656F635F 
 1476      456E6162 
 1476      6C6500
 1477              	.LASF20:
 1478 021d 63796973 		.ascii	"cyisraddress\000"
 1478      72616464 
 1478      72657373 
 1478      00
 1479              	.LASF13:
 1480 022a 696E7433 		.ascii	"int32_t\000"
 1480      325F7400 
 1481              	.LASF10:
 1482 0232 73697A65 		.ascii	"sizetype\000"
 1482      74797065 
 1482      00
 1483              	.LASF27:
 1484 023b 696E5F76 		.ascii	"in_value\000"
 1484      616C7565 
 1484      00
 1485              	.LASF1:
 1486 0244 6C6F6E67 		.ascii	"long long int\000"
 1486      206C6F6E 
 1486      6720696E 
 1486      7400
 1487              	.LASF36:
 1488 0252 6973725F 		.ascii	"isr_adc_eoc_Disable\000"
 1488      6164635F 
 1488      656F635F 
 1488      44697361 
 1488      626C6500 
 1489              	.LASF11:
 1490 0266 63686172 		.ascii	"char\000"
 1490      00
 1491              	.LASF30:
 1492 026b 72616D56 		.ascii	"ramVectorTable\000"
 1492      6563746F 
 1492      72546162 
 1492      6C6500
 1493              	.LASF41:
 1494 027a 433A5C55 		.ascii	"C:\\Users\\pearlstl\\Documents\\PSoC Creator\\fa20_"
 1494      73657273 
 1494      5C706561 
 1494      726C7374 
 1494      6C5C446F 
 1495 02a8 6932735F 		.ascii	"i2s_streamer\\fa20_i2s_streamer.cydsn\000"
 1495      73747265 
 1495      616D6572 
 1495      5C666132 
 1495      305F6932 
 1496              	.LASF37:
 1497 02cd 6973725F 		.ascii	"isr_adc_eoc_SetPending\000"
 1497      6164635F 
 1497      656F635F 
 1497      53657450 
ARM GAS  C:\Users\pearlstl\AppData\Local\Temp\ccZGnWBa.s 			page 37


 1497      656E6469 
 1498              	.LASF14:
 1499 02e4 75696E74 		.ascii	"uint8\000"
 1499      3800
 1500              	.LASF7:
 1501 02ea 6C6F6E67 		.ascii	"long int\000"
 1501      20696E74 
 1501      00
 1502              	.LASF38:
 1503 02f3 6973725F 		.ascii	"isr_adc_eoc_ClearPending\000"
 1503      6164635F 
 1503      656F635F 
 1503      436C6561 
 1503      7250656E 
 1504              	.LASF2:
 1505 030c 6C6F6E67 		.ascii	"long double\000"
 1505      20646F75 
 1505      626C6500 
 1506              	.LASF21:
 1507 0318 6973725F 		.ascii	"isr_adc_eoc_Start\000"
 1507      6164635F 
 1507      656F635F 
 1507      53746172 
 1507      7400
 1508              	.LASF3:
 1509 032a 7369676E 		.ascii	"signed char\000"
 1509      65642063 
 1509      68617200 
 1510              	.LASF28:
 1511 0336 6973725F 		.ascii	"isr_adc_eoc_SetVector\000"
 1511      6164635F 
 1511      656F635F 
 1511      53657456 
 1511      6563746F 
 1512              		.ident	"GCC: (GNU Tools for ARM Embedded Processors) 5.4.1 20160609 (release) [ARM/embedded-5-bran
